Archive member included because of file (symbol)

c:/program files (x86)/gnu tools arm embedded/4.9 2014q4/bin/../lib/gcc/arm-none-eabi/4.9.3/armv7-m\libgcc.a(_arm_addsubdf3.o)
                              ..\obj\esp8266.o (__aeabi_ui2d)
c:/program files (x86)/gnu tools arm embedded/4.9 2014q4/bin/../lib/gcc/arm-none-eabi/4.9.3/armv7-m\libgcc.a(_arm_muldivdf3.o)
                              ..\obj\dht22.o (__aeabi_ddiv)
c:/program files (x86)/gnu tools arm embedded/4.9 2014q4/bin/../lib/gcc/arm-none-eabi/4.9.3/armv7-m\libgcc.a(_arm_cmpdf2.o)
                              ..\obj\esp8266.o (__aeabi_dcmplt)
c:/program files (x86)/gnu tools arm embedded/4.9 2014q4/bin/../lib/gcc/arm-none-eabi/4.9.3/armv7-m\libgcc.a(_arm_truncdfsf2.o)
                              ..\obj\dht22.o (__aeabi_d2f)
c:/program files (x86)/gnu tools arm embedded/4.9 2014q4/bin/../lib/gcc/arm-none-eabi/4.9.3/../../../../arm-none-eabi/lib/armv7-m\libg.a(lib_a-atoi.o)
                              ..\obj\esp8266.o (atoi)
c:/program files (x86)/gnu tools arm embedded/4.9 2014q4/bin/../lib/gcc/arm-none-eabi/4.9.3/../../../../arm-none-eabi/lib/armv7-m\libg.a(lib_a-memmem.o)
                              ..\obj\esp8266.o (memmem)
c:/program files (x86)/gnu tools arm embedded/4.9 2014q4/bin/../lib/gcc/arm-none-eabi/4.9.3/../../../../arm-none-eabi/lib/armv7-m\libg.a(lib_a-memset.o)
                              ..\obj\esp8266.o (memset)
c:/program files (x86)/gnu tools arm embedded/4.9 2014q4/bin/../lib/gcc/arm-none-eabi/4.9.3/../../../../arm-none-eabi/lib/armv7-m\libg.a(lib_a-snprintf.o)
                              ..\obj\WebServer.o (snprintf)
c:/program files (x86)/gnu tools arm embedded/4.9 2014q4/bin/../lib/gcc/arm-none-eabi/4.9.3/../../../../arm-none-eabi/lib/armv7-m\libg.a(lib_a-sprintf.o)
                              ..\obj\WebServer.o (sprintf)
c:/program files (x86)/gnu tools arm embedded/4.9 2014q4/bin/../lib/gcc/arm-none-eabi/4.9.3/../../../../arm-none-eabi/lib/armv7-m\libg.a(lib_a-strchr.o)
                              ..\obj\esp8266.o (strchr)
c:/program files (x86)/gnu tools arm embedded/4.9 2014q4/bin/../lib/gcc/arm-none-eabi/4.9.3/../../../../arm-none-eabi/lib/armv7-m\libg.a(lib_a-strcpy.o)
                              ..\obj\esp8266.o (strcpy)
c:/program files (x86)/gnu tools arm embedded/4.9 2014q4/bin/../lib/gcc/arm-none-eabi/4.9.3/../../../../arm-none-eabi/lib/armv7-m\libg.a(lib_a-strlen.o)
                              ..\obj\WebServer.o (strlen)
c:/program files (x86)/gnu tools arm embedded/4.9 2014q4/bin/../lib/gcc/arm-none-eabi/4.9.3/../../../../arm-none-eabi/lib/armv7-m\libg.a(lib_a-strstr.o)
                              ..\obj\esp8266.o (strstr)
c:/program files (x86)/gnu tools arm embedded/4.9 2014q4/bin/../lib/gcc/arm-none-eabi/4.9.3/../../../../arm-none-eabi/lib/armv7-m\libg.a(lib_a-strtok.o)
                              ..\obj\esp8266.o (strtok)
c:/program files (x86)/gnu tools arm embedded/4.9 2014q4/bin/../lib/gcc/arm-none-eabi/4.9.3/../../../../arm-none-eabi/lib/armv7-m\libg.a(lib_a-strtok_r.o)
                              c:/program files (x86)/gnu tools arm embedded/4.9 2014q4/bin/../lib/gcc/arm-none-eabi/4.9.3/../../../../arm-none-eabi/lib/armv7-m\libg.a(lib_a-strtok.o) (__strtok_r)
c:/program files (x86)/gnu tools arm embedded/4.9 2014q4/bin/../lib/gcc/arm-none-eabi/4.9.3/../../../../arm-none-eabi/lib/armv7-m\libg.a(lib_a-strtol.o)
                              c:/program files (x86)/gnu tools arm embedded/4.9 2014q4/bin/../lib/gcc/arm-none-eabi/4.9.3/../../../../arm-none-eabi/lib/armv7-m\libg.a(lib_a-atoi.o) (_strtol_r)
c:/program files (x86)/gnu tools arm embedded/4.9 2014q4/bin/../lib/gcc/arm-none-eabi/4.9.3/../../../../arm-none-eabi/lib/armv7-m\libg.a(lib_a-svfprintf.o)
                              c:/program files (x86)/gnu tools arm embedded/4.9 2014q4/bin/../lib/gcc/arm-none-eabi/4.9.3/../../../../arm-none-eabi/lib/armv7-m\libg.a(lib_a-snprintf.o) (_svfprintf_r)
c:/program files (x86)/gnu tools arm embedded/4.9 2014q4/bin/../lib/gcc/arm-none-eabi/4.9.3/../../../../arm-none-eabi/lib/armv7-m\libg.a(lib_a-ctype_.o)
                              c:/program files (x86)/gnu tools arm embedded/4.9 2014q4/bin/../lib/gcc/arm-none-eabi/4.9.3/../../../../arm-none-eabi/lib/armv7-m\libg.a(lib_a-strtol.o) (__ctype_ptr__)
c:/program files (x86)/gnu tools arm embedded/4.9 2014q4/bin/../lib/gcc/arm-none-eabi/4.9.3/../../../../arm-none-eabi/lib/armv7-m\libg.a(lib_a-dtoa.o)
                              c:/program files (x86)/gnu tools arm embedded/4.9 2014q4/bin/../lib/gcc/arm-none-eabi/4.9.3/../../../../arm-none-eabi/lib/armv7-m\libg.a(lib_a-svfprintf.o) (_dtoa_r)
c:/program files (x86)/gnu tools arm embedded/4.9 2014q4/bin/../lib/gcc/arm-none-eabi/4.9.3/../../../../arm-none-eabi/lib/armv7-m\libg.a(lib_a-impure.o)
[...]
Memory Configuration

Name             Origin             Length             Attributes
rom              0x08000000         0x00010000         xr
ram              0x20000000         0x00005000         xrw
*default*        0x00000000         0xffffffff

Linker script and memory map

                0x20005000                _eram = 0x20005000

.text           0x08000000     0x1260
 *(.isr_vector)
 .isr_vector    0x08000000      0x10c ..\obj\startup_stm32f10x_md.o
                0x08000000                g_pfnVectors
 *(.text*)
 .text.Init_USART3_DMA
                0x0800010c       0xfc ..\obj\USART3_Config.o
                0x0800010c                Init_USART3_DMA
 .text.Init_USART3_GPIO
                0x08000208       0x40 ..\obj\USART3_Config.o
                0x08000208                Init_USART3_GPIO
 .text.SystemInit
                0x08000248       0x68 ..\obj\system_stm32f10x.o
                0x08000248                SystemInit
 .text.SetSysClock
                0x080002b0        0xc ..\obj\system_stm32f10x.o
 .text.SetSysClockTo72
                0x080002bc      0x100 ..\obj\system_stm32f10x.o
 .text.Default_Reset_Handler
                0x080003bc       0x5c ..\obj\startup_stm32f10x_md.o
                0x080003bc                Default_Reset_Handler
                0x080003bc                Reset_Handler
 .text.Default_Handler
                0x08000418        0x8 ..\obj\startup_stm32f10x_md.o
                0x08000418                EXTI2_IRQHandler
                0x08000418                DebugMon_Handler
                0x08000418                TIM1_CC_IRQHandler
                0x08000418                HardFault_Handler
                0x08000418                PVD_IRQHandler
                0x08000418                PendSV_Handler
                0x08000418                NMI_Handler
                0x08000418                EXTI3_IRQHandler
                0x08000418                EXTI0_IRQHandler
                0x08000418                I2C2_EV_IRQHandler
                0x08000418                UsageFault_Handler
                0x08000418                ADC1_2_IRQHandler
                0x08000418                SPI1_IRQHandler
                0x08000418                TAMPER_IRQHandler
                0x08000418                DMA1_Channel4_IRQHandler
                0x08000418                USART3_IRQHandler
                0x08000418                RTC_IRQHandler
                0x08000418                DMA1_Channel7_IRQHandler
                0x08000418                CAN1_RX1_IRQHandler
                0x08000418                TIM4_IRQHandler
                0x08000418                I2C1_EV_IRQHandler
                0x08000418                DMA1_Channel6_IRQHandler
                0x08000418                TIM3_IRQHandler
                0x08000418                RCC_IRQHandler
                0x08000418                TIM1_TRG_COM_IRQHandler
                0x08000418                DMA1_Channel1_IRQHandler
                0x08000418                EXTI15_10_IRQHandler
                0x08000418                SPI2_IRQHandler
                0x08000418                MemManage_Handler
                0x08000418                SVC_Handler
                0x08000418                DMA1_Channel5_IRQHandler
                0x08000418                EXTI4_IRQHandler
                0x08000418                USB_LP_CAN1_RX0_IRQHandler
                0x08000418                USB_HP_CAN1_TX_IRQHandler
                0x08000418                DMA1_Channel3_IRQHandler
                0x08000418                TIM1_UP_IRQHandler
                0x08000418                WWDG_IRQHandler
                0x08000418                TIM2_IRQHandler
                0x08000418                TIM1_BRK_IRQHandler
                0x08000418                EXTI1_IRQHandler
                0x08000418                RTCAlarm_IRQHandler
                0x08000418                USART2_IRQHandler
                0x08000418                I2C2_ER_IRQHandler
                0x08000418                DMA1_Channel2_IRQHandler
                0x08000418                CAN1_SCE_IRQHandler
                0x08000418                FLASH_IRQHandler
                0x08000418                BusFault_Handler
                0x08000418                USART1_IRQHandler
                0x08000418                I2C1_ER_IRQHandler
                0x08000418                USBWakeUp_IRQHandler
 .text.GPIO_Init
                0x08000420      0x180 ..\obj\stm32f10x_gpio.o
                0x08000420                GPIO_Init
 .text.GPIO_ReadInputDataBit
                0x080005a0       0x34 ..\obj\stm32f10x_gpio.o
                0x080005a0                GPIO_ReadInputDataBit
 .text.Configure_HSI_Clock
                0x080005d4       0x54 ..\obj\main.o
                0x080005d4                Configure_HSI_Clock
 .text.main     0x08000628       0x2c ..\obj\main.o
                0x08000628                main
 .text.RCC_HSEConfig
                0x08000654       0x5c ..\obj\stm32f10x_rcc.o
                0x08000654                RCC_HSEConfig
 .text.RCC_HSICmd
                0x080006b0       0x20 ..\obj\stm32f10x_rcc.o
                0x080006b0                RCC_HSICmd
 .text.RCC_PLLConfig
                0x080006d0       0x3c ..\obj\stm32f10x_rcc.o
                0x080006d0                RCC_PLLConfig
 .text.RCC_PLLCmd
                0x0800070c       0x20 ..\obj\stm32f10x_rcc.o
                0x0800070c                RCC_PLLCmd
 .text.RCC_SYSCLKConfig
                0x0800072c       0x38 ..\obj\stm32f10x_rcc.o
                0x0800072c                RCC_SYSCLKConfig
 .text.RCC_HCLKConfig
                0x08000764       0x38 ..\obj\stm32f10x_rcc.o
                0x08000764                RCC_HCLKConfig
 .text.RCC_PCLK1Config
                0x0800079c       0x38 ..\obj\stm32f10x_rcc.o
                0x0800079c                RCC_PCLK1Config
 .text.RCC_PCLK2Config
                0x080007d4       0x38 ..\obj\stm32f10x_rcc.o
                0x080007d4                RCC_PCLK2Config
 .text.RCC_ADCCLKConfig
                0x0800080c       0x38 ..\obj\stm32f10x_rcc.o
                0x0800080c                RCC_ADCCLKConfig
 .text.RCC_GetClocksFreq
                0x08000844      0x164 ..\obj\stm32f10x_rcc.o
                0x08000844                RCC_GetClocksFreq
 .text.RCC_AHBPeriphClockCmd
                0x080009a8       0x3c ..\obj\stm32f10x_rcc.o
                0x080009a8                RCC_AHBPeriphClockCmd
 .text.RCC_APB2PeriphClockCmd
                0x080009e4       0x3c ..\obj\stm32f10x_rcc.o
                0x080009e4                RCC_APB2PeriphClockCmd
 .text.RCC_APB1PeriphClockCmd
                0x08000a20       0x3c ..\obj\stm32f10x_rcc.o
                0x08000a20                RCC_APB1PeriphClockCmd
 .text.RCC_GetFlagStatus
                0x08000a5c       0x74 ..\obj\stm32f10x_rcc.o
                0x08000a5c                RCC_GetFlagStatus
 .text.EXTI_GetITStatus
                0x08000ad0       0x48 ..\obj\stm32f10x_exti.o
                0x08000ad0                EXTI_GetITStatus
 .text.EXTI_ClearITPendingBit
                0x08000b18       0x1c ..\obj\stm32f10x_exti.o
                0x08000b18                EXTI_ClearITPendingBit
 .text.USART_Init
                0x08000b34      0x174 ..\obj\stm32f10x_usart.o
                0x08000b34                USART_Init
 .text.USART_Cmd
                0x08000ca8       0x40 ..\obj\stm32f10x_usart.o
                0x08000ca8                USART_Cmd
 .text.USART_DMACmd
                0x08000ce8       0x48 ..\obj\stm32f10x_usart.o
                0x08000ce8                USART_DMACmd
 .text.FLASH_SetLatency
                0x08000d30       0x38 ..\obj\stm32f10x_flash.o
                0x08000d30                FLASH_SetLatency
 .text.DMA_DeInit
                0x08000d68      0x178 ..\obj\stm32f10x_dma.o
                0x08000d68                DMA_DeInit
 .text.DMA_Init
                0x08000ee0       0x7c ..\obj\stm32f10x_dma.o
                0x08000ee0                DMA_Init
 .text.DMA_Cmd  0x08000f5c       0x38 ..\obj\stm32f10x_dma.o
                0x08000f5c                DMA_Cmd
 .text.DMA_ClearFlag
                0x08000f94       0x34 ..\obj\stm32f10x_dma.o
                0x08000f94                DMA_ClearFlag
 .text.NVIC_SetPriority
                0x08000fc8       0x54 ..\obj\mytime.o
 .text.SysTick_Config
                0x0800101c       0x44 ..\obj\mytime.o
 .text.Init_Time
                0x08001060       0x3c ..\obj\mytime.o
                0x08001060                Init_Time
 .text.Micros   0x0800109c       0x44 ..\obj\mytime.o
                0x0800109c                Micros
 .text.SysTick_Handler
                0x080010e0       0x1c ..\obj\mytime.o
                0x080010e0                SysTick_Handler
 .text.EXTI9_5_IRQHandler
                0x080010fc       0xa0 ..\obj\dht22.o
                0x080010fc                EXTI9_5_IRQHandler
 .text.NVIC_Init
                0x0800119c       0xc4 ..\obj\misc.o
                0x0800119c                NVIC_Init
 *(.init)
 *(.fini)
 *crtbegin.o(.ctors)
 *crtbegin?.o(.ctors)
 *(EXCLUDE_FILE(*crtend.o *crtend?.o) .ctors)
 *(SORT(.ctors.*))
 *(.ctors)
 *crtbegin.o(.dtors)
 *crtbegin?.o(.dtors)
 *(EXCLUDE_FILE(*crtend.o *crtend?.o) .dtors)
 *(SORT(.dtors.*))
 *(.dtors)
 *(.rodata*)
 *(.eh_fram e*)

.glue_7         0x08001260        0x0
 .glue_7        0x00000000        0x0 linker stubs

.glue_7t        0x08001260        0x0
 .glue_7t       0x00000000        0x0 linker stubs

.vfp11_veneer   0x08001260        0x0
 .vfp11_veneer  0x00000000        0x0 linker stubs

.v4_bx          0x08001260        0x0
 .v4_bx         0x00000000        0x0 linker stubs

.iplt           0x08001260        0x0
 .iplt          0x00000000        0x0 ..\obj\stm32f10x_tim.o

.rel.dyn        0x08001260        0x0
 .rel.iplt      0x00000000        0x0 ..\obj\stm32f10x_tim.o

.ARM.extab
 *(.ARM.extab* .gnu.linkonce.armextab.*)
                0x08001260                __exidx_start = .

.ARM.exidx
 *(.ARM.exidx* .gnu.linkonce.armexidx.*)
                0x08001260                __exidx_end = .
                0x08001260                __etext = .
                0x08001260                _sidata = __etext

.data           0x20000000       0x2c load address 0x08001260
                0x20000000                __data_start__ = .
                0x20000000                _sdata = __data_start__
 *(vtable)
 *(.data*)
 .data          0x20000000       0x14 ..\obj\system_stm32f10x.o
                0x20000000                SystemCoreClock
                0x20000004                AHBPrescTable
 .data          0x20000014       0x14 ..\obj\stm32f10x_rcc.o
 .data          0x20000028        0x1 ..\obj\mytime.o
                0x20000028                freqMhz
                0x2000002c                . = ALIGN (0x4)
 *fill*         0x20000029        0x3 
                0x2000002c                PROVIDE (__preinit_array_start, .)
 *(.preinit_array)
                0x2000002c                PROVIDE (__preinit_array_end, .)
                0x2000002c                . = ALIGN (0x4)
                0x2000002c                PROVIDE (__init_array_start, .)
 *(SORT(.init_array.*))
 *(.init_array)
                0x2000002c                PROVIDE (__init_array_end, .)
                0x2000002c                . = ALIGN (0x4)
                0x2000002c                PROVIDE (__fini_array_start, .)
 *(SORT(.fini_array.*))
 *(.fini_array)
                0x2000002c                PROVIDE (__fini_array_end, .)
 *(.jcr*)
                0x2000002c                . = ALIGN (0x4)
                0x2000002c                __data_end__ = .
                0x2000002c                _edata = __data_end__

.igot.plt       0x2000002c        0x0 load address 0x0800128c
 .igot.plt      0x00000000        0x0 ..\obj\stm32f10x_tim.o

.bss            0x2000002c      0x46c load address 0x0800128c
                0x2000002c                . = ALIGN (0x4)
                0x2000002c                __bss_start__ = .
                0x2000002c                _sbss = __bss_start__
 *(.bss*)
 .bss           0x2000002c        0x8 ..\obj\mytime.o
                0x2000002c                millis
                0x20000030                micros
 .bss           0x20000034       0x18 ..\obj\dht22.o
                0x20000034                upTimeStart
                0x20000038                upTimeEnd
                0x2000003c                downTimeStart
                0x20000040                downTimeEnd
                0x20000044                currentBit
                0x20000048                dhtTimeStamp
 *(COMMON)
 COMMON         0x2000004c       0x18 ..\obj\USART3_Config.o
                0x2000004c                GPIOB_Config_USART3
                0x20000050                USART3_Config
                0x20000060                USART3_Interrupt_Config
 COMMON         0x20000064      0x3ec ..\obj\main.o
                0x20000064                microseconds
                0x20000068                USART3_RxBuffer
 COMMON         0x20000450       0x48 ..\obj\dht22.o
                0x20000450                DHT22_Buffer16
                0x20000458                DHT22_Pin_GPIO_Config
                0x2000045c                humidTemp
                0x20000460                DHT22_Bit_Time
                0x20000490                DHT22_Buffer
                0x20000496                tempTemp
                0x20000498                . = ALIGN (0x4)
                0x20000498                __bss_end__ = .
                0x20000498                _ebss = __bss_end__

.heap           0x20000498        0x0
                0x20000498                __end__ = .
                0x20000498                _end = __end__
                0x20000498                end = __end__
 *(.heap*)
                0x20000498                __HeapLimit = .

.co_stack       0x20000498      0x400 load address 0x080016f8
                0x20000498                . = ALIGN (0x8)
 *(.co_stack .co_stack.*)
 .co_stack      0x20000498      0x400 ..\obj\startup_stm32f10x_md.o
                0x20000498                pulStack
                0x20005000                __StackTop = (ORIGIN (ram) + 0x5000)
                0x20004c00                __StackLimit = (__StackTop - SIZEOF (.co_stack))
                0x20005000                PROVIDE (__stack, __StackTop)
                0x00000001                ASSERT ((__StackLimit >= __HeapLimit), region ram  overflowed with stack)
LOAD ..\obj\stm32f10x_tim.o
LOAD ..\obj\USART3_Config.o
LOAD ..\obj\system_stm32f10x.o
LOAD ..\obj\stm32f10x_pwr.o
LOAD ..\obj\startup_stm32f10x_md.o
LOAD ..\obj\stm32f10x_gpio.o
LOAD ..\obj\main.o
LOAD ..\obj\WebServer.o
LOAD ..\obj\stm32f10x_rcc.o
LOAD ..\obj\stm32f10x_exti.o
LOAD ..\obj\stm32f10x_adc.o
LOAD ..\obj\stm32f10x_usart.o
LOAD ..\obj\stm32f10x_flash.o
LOAD ..\obj\stm32f10x_dma.o
LOAD ..\obj\mytime.o
LOAD ..\obj\dht22.o
LOAD ..\obj\misc.o
LOAD ..\obj\WebServerConfig.o
LOAD ..\obj\esp8266.o
LOAD ..\obj\stm32f10x_bkp.o
START GROUP
LOAD c:/program files (x86)/gnu tools arm embedded/4.9 2014q4/bin/../lib/gcc/arm-none-eabi/4.9.3/armv7-m\libgcc.a
LOAD c:/program files (x86)/gnu tools arm embedded/4.9 2014q4/bin/../lib/gcc/arm-none-eabi/4.9.3/../../../../arm-none-eabi/lib/armv7-m\libg.a
LOAD c:/program files (x86)/gnu tools arm embedded/4.9 2014q4/bin/../lib/gcc/arm-none-eabi/4.9.3/../../../../arm-none-eabi/lib/armv7-m\libc.a
END GROUP
OUTPUT(STM32-F103-CortexM3-ESP8266-weather.elf elf32-littlearm)

.debug_info     0x00000000     0x4d0c
 .debug_info    0x00000000      0x6f8 ..\obj\USART3_Config.o
 .debug_info    0x000006f8      0x479 ..\obj\system_stm32f10x.o
 .debug_info    0x00000b71       0xe9 ..\obj\startup_stm32f10x_md.o
 .debug_info    0x00000c5a      0x6e7 ..\obj\stm32f10x_gpio.o
 .debug_info    0x00001341      0x155 ..\obj\main.o
 .debug_info    0x00001496      0x88d ..\obj\stm32f10x_rcc.o
 .debug_info    0x00001d23      0x341 ..\obj\stm32f10x_exti.o
 .debug_info    0x00002064      0x9e8 ..\obj\stm32f10x_usart.o
 .debug_info    0x00002a4c      0x7b1 ..\obj\stm32f10x_flash.o
 .debug_info    0x000031fd      0x473 ..\obj\stm32f10x_dma.o
 .debug_info    0x00003670      0x645 ..\obj\mytime.o
 .debug_info    0x00003cb5      0xb1a ..\obj\dht22.o
 .debug_info    0x000047cf      0x53d ..\obj\misc.o

.debug_abbrev   0x00000000     0x1257
 .debug_abbrev  0x00000000      0x13b ..\obj\USART3_Config.o
 .debug_abbrev  0x0000013b      0x14c ..\obj\system_stm32f10x.o
 .debug_abbrev  0x00000287       0xa7 ..\obj\startup_stm32f10x_md.o
 .debug_abbrev  0x0000032e      0x1c8 ..\obj\stm32f10x_gpio.o
 .debug_abbrev  0x000004f6       0xcc ..\obj\main.o
 .debug_abbrev  0x000005c2      0x1ba ..\obj\stm32f10x_rcc.o
 .debug_abbrev  0x0000077c      0x151 ..\obj\stm32f10x_exti.o
 .debug_abbrev  0x000008cd      0x162 ..\obj\stm32f10x_usart.o
 .debug_abbrev  0x00000a2f      0x18b ..\obj\stm32f10x_flash.o
 .debug_abbrev  0x00000bba      0x155 ..\obj\stm32f10x_dma.o
 .debug_abbrev  0x00000d0f      0x1c0 ..\obj\mytime.o
 .debug_abbrev  0x00000ecf      0x243 ..\obj\dht22.o
 .debug_abbrev  0x00001112      0x145 ..\obj\misc.o

.debug_aranges  0x00000000      0x660
 .debug_aranges
                0x00000000       0x48 ..\obj\USART3_Config.o
 .debug_aranges
                0x00000048       0x38 ..\obj\system_stm32f10x.o
 .debug_aranges
                0x00000080       0x28 ..\obj\startup_stm32f10x_md.o
 .debug_aranges
                0x000000a8       0xa8 ..\obj\stm32f10x_gpio.o
 .debug_aranges
                0x00000150       0x28 ..\obj\main.o
 .debug_aranges
                0x00000178      0x118 ..\obj\stm32f10x_rcc.o
 .debug_aranges
                0x00000290       0x58 ..\obj\stm32f10x_exti.o
 .debug_aranges
                0x000002e8      0x100 ..\obj\stm32f10x_usart.o
 .debug_aranges
                0x000003e8       0xf8 ..\obj\stm32f10x_flash.o
 .debug_aranges
                0x000004e0       0x70 ..\obj\stm32f10x_dma.o
 .debug_aranges
                0x00000550       0x48 ..\obj\mytime.o
 .debug_aranges
                0x00000598       0x88 ..\obj\dht22.o
 .debug_aranges
                0x00000620       0x40 ..\obj\misc.o

.debug_ranges   0x00000000      0x590
 .debug_ranges  0x00000000       0x38 ..\obj\USART3_Config.o
 .debug_ranges  0x00000038       0x28 ..\obj\system_stm32f10x.o
 .debug_ranges  0x00000060       0x18 ..\obj\startup_stm32f10x_md.o
 .debug_ranges  0x00000078       0x98 ..\obj\stm32f10x_gpio.o
 .debug_ranges  0x00000110       0x18 ..\obj\main.o
 .debug_ranges  0x00000128      0x108 ..\obj\stm32f10x_rcc.o
 .debug_ranges  0x00000230       0x48 ..\obj\stm32f10x_exti.o
 .debug_ranges  0x00000278       0xf0 ..\obj\stm32f10x_usart.o
 .debug_ranges  0x00000368       0xe8 ..\obj\stm32f10x_flash.o
 .debug_ranges  0x00000450       0x60 ..\obj\stm32f10x_dma.o
 .debug_ranges  0x000004b0       0x38 ..\obj\mytime.o
 .debug_ranges  0x000004e8       0x78 ..\obj\dht22.o
 .debug_ranges  0x00000560       0x30 ..\obj\misc.o

.debug_line     0x00000000     0x2d82
 .debug_line    0x00000000      0x35a ..\obj\USART3_Config.o
 .debug_line    0x0000035a      0x261 ..\obj\system_stm32f10x.o
 .debug_line    0x000005bb       0xc7 ..\obj\startup_stm32f10x_md.o
 .debug_line    0x00000682      0x443 ..\obj\stm32f10x_gpio.o
 .debug_line    0x00000ac5      0x23a ..\obj\main.o
 .debug_line    0x00000cff      0x550 ..\obj\stm32f10x_rcc.o
 .debug_line    0x0000124f      0x331 ..\obj\stm32f10x_exti.o
 .debug_line    0x00001580      0x526 ..\obj\stm32f10x_usart.o
 .debug_line    0x00001aa6      0x55e ..\obj\stm32f10x_flash.o
 .debug_line    0x00002004      0x390 ..\obj\stm32f10x_dma.o
 .debug_line    0x00002394      0x24f ..\obj\mytime.o
 .debug_line    0x000025e3      0x4ce ..\obj\dht22.o
 .debug_line    0x00002ab1      0x2d1 ..\obj\misc.o

.debug_str      0x00000000     0x22e2
 .debug_str     0x00000000      0x87e ..\obj\USART3_Config.o
                                0x8de (size before relaxing)
 .debug_str     0x0000087e      0x197 ..\obj\system_stm32f10x.o
                                0x31c (size before relaxing)
 .debug_str     0x00000a15       0xd5 ..\obj\startup_stm32f10x_md.o
                                0x16c (size before relaxing)
 .debug_str     0x00000aea      0x29e ..\obj\stm32f10x_gpio.o
                                0x546 (size before relaxing)
 .debug_str     0x00000d88       0xa0 ..\obj\main.o
                                0x1ef (size before relaxing)
 .debug_str     0x00000e28      0x40d ..\obj\stm32f10x_rcc.o
                                0x647 (size before relaxing)
 .debug_str     0x00001235      0x1f7 ..\obj\stm32f10x_exti.o
                                0x376 (size before relaxing)
 .debug_str     0x0000142c      0x3ce ..\obj\stm32f10x_usart.o
                                0x6bd (size before relaxing)
 .debug_str     0x000017fa      0x42c ..\obj\stm32f10x_flash.o
                                0x615 (size before relaxing)
 .debug_str     0x00001c26      0x164 ..\obj\stm32f10x_dma.o
                                0x3e4 (size before relaxing)
 .debug_str     0x00001d8a      0x134 ..\obj\mytime.o
                                0x5f8 (size before relaxing)
 .debug_str     0x00001ebe      0x2f4 ..\obj\dht22.o
                                0xaad (size before relaxing)
 .debug_str     0x000021b2      0x130 ..\obj\misc.o
                                0x3eb (size before relaxing)

.comment        0x00000000       0x70
 .comment       0x00000000       0x70 ..\obj\USART3_Config.o
                                 0x71 (size before relaxing)
 .comment       0x00000000       0x71 ..\obj\system_stm32f10x.o
 .comment       0x00000000       0x71 ..\obj\startup_stm32f10x_md.o
 .comment       0x00000000       0x71 ..\obj\stm32f10x_gpio.o
 .comment       0x00000000       0x71 ..\obj\main.o
 .comment       0x00000000       0x71 ..\obj\stm32f10x_rcc.o
 .comment       0x00000000       0x71 ..\obj\stm32f10x_exti.o
 .comment       0x00000000       0x71 ..\obj\stm32f10x_usart.o
 .comment       0x00000000       0x71 ..\obj\stm32f10x_flash.o
 .comment       0x00000000       0x71 ..\obj\stm32f10x_dma.o
 .comment       0x00000000       0x71 ..\obj\mytime.o
 .comment       0x00000000       0x71 ..\obj\dht22.o
 .comment       0x00000000       0x71 ..\obj\misc.o

.ARM.attributes
                0x00000000       0x31
 .ARM.attributes
                0x00000000       0x33 ..\obj\USART3_Config.o
 .ARM.attributes
                0x00000033       0x33 ..\obj\system_stm32f10x.o
 .ARM.attributes
                0x00000066       0x33 ..\obj\startup_stm32f10x_md.o
 .ARM.attributes
                0x00000099       0x33 ..\obj\stm32f10x_gpio.o
 .ARM.attributes
                0x000000cc       0x33 ..\obj\main.o
 .ARM.attributes
                0x000000ff       0x33 ..\obj\stm32f10x_rcc.o
 .ARM.attributes
                0x00000132       0x33 ..\obj\stm32f10x_exti.o
 .ARM.attributes
                0x00000165       0x33 ..\obj\stm32f10x_usart.o
 .ARM.attributes
                0x00000198       0x33 ..\obj\stm32f10x_flash.o
 .ARM.attributes
                0x000001cb       0x33 ..\obj\stm32f10x_dma.o
 .ARM.attributes
                0x000001fe       0x33 ..\obj\mytime.o
 .ARM.attributes
                0x00000231       0x33 ..\obj\dht22.o
 .ARM.attributes
                0x00000264       0x33 ..\obj\misc.o

.debug_frame    0x00000000     0x191c
 .debug_frame   0x00000000       0xd0 ..\obj\USART3_Config.o
 .debug_frame   0x000000d0       0x98 ..\obj\system_stm32f10x.o
 .debug_frame   0x00000168       0x4c ..\obj\startup_stm32f10x_md.o
 .debug_frame   0x000001b4      0x2d0 ..\obj\stm32f10x_gpio.o
 .debug_frame   0x00000484       0x48 ..\obj\main.o
 .debug_frame   0x000004cc      0x4f4 ..\obj\stm32f10x_rcc.o
 .debug_frame   0x000009c0      0x148 ..\obj\stm32f10x_exti.o
 .debug_frame   0x00000b08      0x490 ..\obj\stm32f10x_usart.o
 .debug_frame   0x00000f98      0x410 ..\obj\stm32f10x_flash.o
 .debug_frame   0x000013a8      0x1c8 ..\obj\stm32f10x_dma.o
 .debug_frame   0x00001570       0xe0 ..\obj\mytime.o
 .debug_frame   0x00001650      0x1f4 ..\obj\dht22.o
 .debug_frame   0x00001844       0xd8 ..\obj\misc.o
