Archive member included because of file (symbol)

c:/program files (x86)/gnu tools arm embedded/4.9 2014q4/bin/../lib/gcc/arm-none-eabi/4.9.3/armv7-m\libgcc.a(_arm_addsubdf3.o)
                              ..\obj\dht22.o (__aeabi_i2d)
c:/program files (x86)/gnu tools arm embedded/4.9 2014q4/bin/../lib/gcc/arm-none-eabi/4.9.3/armv7-m\libgcc.a(_arm_muldivdf3.o)
                              ..\obj\dht22.o (__aeabi_ddiv)
c:/program files (x86)/gnu tools arm embedded/4.9 2014q4/bin/../lib/gcc/arm-none-eabi/4.9.3/armv7-m\libgcc.a(_arm_truncdfsf2.o)
                              ..\obj\dht22.o (__aeabi_d2f)
c:/program files (x86)/gnu tools arm embedded/4.9 2014q4/bin/../lib/gcc/arm-none-eabi/4.9.3/../../../../arm-none-eabi/lib/armv7-m\libg.a(lib_a-atoi.o)
                              ..\obj\esp8266.o (atoi)
c:/program files (x86)/gnu tools arm embedded/4.9 2014q4/bin/../lib/gcc/arm-none-eabi/4.9.3/../../../../arm-none-eabi/lib/armv7-m\libg.a(lib_a-memmem.o)
                              ..\obj\esp8266.o (memmem)
c:/program files (x86)/gnu tools arm embedded/4.9 2014q4/bin/../lib/gcc/arm-none-eabi/4.9.3/../../../../arm-none-eabi/lib/armv7-m\libg.a(lib_a-memset.o)
                              ..\obj\esp8266.o (memset)
c:/program files (x86)/gnu tools arm embedded/4.9 2014q4/bin/../lib/gcc/arm-none-eabi/4.9.3/../../../../arm-none-eabi/lib/armv7-m\libg.a(lib_a-snprintf.o)
                              ..\obj\WebServer.o (snprintf)
c:/program files (x86)/gnu tools arm embedded/4.9 2014q4/bin/../lib/gcc/arm-none-eabi/4.9.3/../../../../arm-none-eabi/lib/armv7-m\libg.a(lib_a-sprintf.o)
                              ..\obj\WebServer.o (sprintf)
c:/program files (x86)/gnu tools arm embedded/4.9 2014q4/bin/../lib/gcc/arm-none-eabi/4.9.3/../../../../arm-none-eabi/lib/armv7-m\libg.a(lib_a-strchr.o)
                              ..\obj\esp8266.o (strchr)
c:/program files (x86)/gnu tools arm embedded/4.9 2014q4/bin/../lib/gcc/arm-none-eabi/4.9.3/../../../../arm-none-eabi/lib/armv7-m\libg.a(lib_a-strcpy.o)
                              ..\obj\esp8266.o (strcpy)
c:/program files (x86)/gnu tools arm embedded/4.9 2014q4/bin/../lib/gcc/arm-none-eabi/4.9.3/../../../../arm-none-eabi/lib/armv7-m\libg.a(lib_a-strlen.o)
                              ..\obj\WebServer.o (strlen)
c:/program files (x86)/gnu tools arm embedded/4.9 2014q4/bin/../lib/gcc/arm-none-eabi/4.9.3/../../../../arm-none-eabi/lib/armv7-m\libg.a(lib_a-strstr.o)
                              ..\obj\WebServerConfig.o (strstr)
c:/program files (x86)/gnu tools arm embedded/4.9 2014q4/bin/../lib/gcc/arm-none-eabi/4.9.3/../../../../arm-none-eabi/lib/armv7-m\libg.a(lib_a-strtok.o)
                              ..\obj\esp8266.o (strtok)
c:/program files (x86)/gnu tools arm embedded/4.9 2014q4/bin/../lib/gcc/arm-none-eabi/4.9.3/../../../../arm-none-eabi/lib/armv7-m\libg.a(lib_a-strtok_r.o)
                              c:/program files (x86)/gnu tools arm embedded/4.9 2014q4/bin/../lib/gcc/arm-none-eabi/4.9.3/../../../../arm-none-eabi/lib/armv7-m\libg.a(lib_a-strtok.o) (__strtok_r)
c:/program files (x86)/gnu tools arm embedded/4.9 2014q4/bin/../lib/gcc/arm-none-eabi/4.9.3/../../../../arm-none-eabi/lib/armv7-m\libg.a(lib_a-strtol.o)
                              c:/program files (x86)/gnu tools arm embedded/4.9 2014q4/bin/../lib/gcc/arm-none-eabi/4.9.3/../../../../arm-none-eabi/lib/armv7-m\libg.a(lib_a-atoi.o) (_strtol_r)
c:/program files (x86)/gnu tools arm embedded/4.9 2014q4/bin/../lib/gcc/arm-none-eabi/4.9.3/../../../../arm-none-eabi/lib/armv7-m\libg.a(lib_a-svfprintf.o)
                              c:/program files (x86)/gnu tools arm embedded/4.9 2014q4/bin/../lib/gcc/arm-none-eabi/4.9.3/../../../../arm-none-eabi/lib/armv7-m\libg.a(lib_a-snprintf.o) (_svfprintf_r)
c:/program files (x86)/gnu tools arm embedded/4.9 2014q4/bin/../lib/gcc/arm-none-eabi/4.9.3/../../../../arm-none-eabi/lib/armv7-m\libg.a(lib_a-ctype_.o)
                              c:/program files (x86)/gnu tools arm embedded/4.9 2014q4/bin/../lib/gcc/arm-none-eabi/4.9.3/../../../../arm-none-eabi/lib/armv7-m\libg.a(lib_a-strtol.o) (__ctype_ptr__)
c:/program files (x86)/gnu tools arm embedded/4.9 2014q4/bin/../lib/gcc/arm-none-eabi/4.9.3/../../../../arm-none-eabi/lib/armv7-m\libg.a(lib_a-dtoa.o)
                              c:/program files (x86)/gnu tools arm embedded/4.9 2014q4/bin/../lib/gcc/arm-none-eabi/4.9.3/../../../../arm-none-eabi/lib/armv7-m\libg.a(lib_a-svfprintf.o) (_dtoa_r)
c:/program files (x86)/gnu tools arm embedded/4.9 2014q4/bin/../lib/gcc/arm-none-eabi/4.9.3/../../../../arm-none-eabi/lib/armv7-m\libg.a(lib_a-impure.o)
                              c:/program files (x86)/gnu tools arm embedded/4.9 2014q4/bin/../lib/gcc/arm-none-eabi/4.9.3/../../../../arm-none-eabi/lib/armv7-m\libg.a(lib_a-snprintf.o) (_impure_ptr)
c:/program files (x86)/gnu tools arm embedded/4.9 2014q4/bin/../lib/gcc/arm-none-eabi/4.9.3/../../../../arm-none-eabi/lib/armv7-m\libg.a(lib_a-locale.o)
[...]
Memory Configuration

Name             Origin             Length             Attributes
rom              0x08000000         0x00020000         xr
ram              0x20000000         0x00005000         xrw
*default*        0x00000000         0xffffffff

Linker script and memory map

                0x20005000                _eram = 0x20005000

.text           0x08000000     0x8724
 *(.isr_vector)
 .isr_vector    0x08000000      0x10c ..\obj\startup_stm32f10x_md.o
                0x08000000                g_pfnVectors
 *(.text*)
 .text.Init_USART3_DMA
                0x0800010c       0xfc ..\obj\USART3_Config.o
                0x0800010c                Init_USART3_DMA
 .text.DMA_Initialize
                0x08000208       0x8c ..\obj\USART3_Config.o
                0x08000208                DMA_Initialize
 .text.Init_USART3_GPIO
                0x08000294       0x40 ..\obj\USART3_Config.o
                0x08000294                Init_USART3_GPIO
 .text.SystemInit
                0x080002d4       0x68 ..\obj\system_stm32f10x.o
                0x080002d4                SystemInit
 .text.SetSysClock
                0x0800033c        0xc ..\obj\system_stm32f10x.o
 .text.SetSysClockTo72
                0x08000348      0x100 ..\obj\system_stm32f10x.o
 .text.BMP180_Init
                0x08000448       0x1c ..\obj\bmp180.o
                0x08000448                BMP180_Init
 .text.BMP180_GPIO_Config
                0x08000464       0x28 ..\obj\bmp180.o
                0x08000464                BMP180_GPIO_Config
 .text.BMP180_CLK_Config
                0x0800048c       0x18 ..\obj\bmp180.o
                0x0800048c                BMP180_CLK_Config
 .text.BMP180_I2C_Config
                0x080004a4       0x44 ..\obj\bmp180.o
                0x080004a4                BMP180_I2C_Config
 .text.Default_Reset_Handler
                0x080004e8       0x5c ..\obj\startup_stm32f10x_md.o
                0x080004e8                Default_Reset_Handler
                0x080004e8                Reset_Handler
 .text.Default_Handler
                0x08000544        0x8 ..\obj\startup_stm32f10x_md.o
                0x08000544                EXTI2_IRQHandler
                0x08000544                DebugMon_Handler
                0x08000544                TIM1_CC_IRQHandler
                0x08000544                HardFault_Handler
                0x08000544                PVD_IRQHandler
                0x08000544                PendSV_Handler
                0x08000544                NMI_Handler
                0x08000544                EXTI3_IRQHandler
                0x08000544                EXTI0_IRQHandler
                0x08000544                I2C2_EV_IRQHandler
                0x08000544                UsageFault_Handler
                0x08000544                ADC1_2_IRQHandler
                0x08000544                SPI1_IRQHandler
                0x08000544                TAMPER_IRQHandler
                0x08000544                DMA1_Channel4_IRQHandler
                0x08000544                USART3_IRQHandler
                0x08000544                RTC_IRQHandler
                0x08000544                DMA1_Channel7_IRQHandler
                0x08000544                CAN1_RX1_IRQHandler
                0x08000544                TIM4_IRQHandler
                0x08000544                I2C1_EV_IRQHandler
                0x08000544                DMA1_Channel6_IRQHandler
                0x08000544                TIM3_IRQHandler
                0x08000544                RCC_IRQHandler
                0x08000544                TIM1_TRG_COM_IRQHandler
                0x08000544                DMA1_Channel1_IRQHandler
                0x08000544                EXTI15_10_IRQHandler
                0x08000544                SPI2_IRQHandler
                0x08000544                MemManage_Handler
                0x08000544                SVC_Handler
                0x08000544                DMA1_Channel5_IRQHandler
                0x08000544                EXTI4_IRQHandler
                0x08000544                USB_LP_CAN1_RX0_IRQHandler
                0x08000544                USB_HP_CAN1_TX_IRQHandler
                0x08000544                DMA1_Channel3_IRQHandler
                0x08000544                TIM1_UP_IRQHandler
                0x08000544                WWDG_IRQHandler
                0x08000544                TIM2_IRQHandler
                0x08000544                TIM1_BRK_IRQHandler
                0x08000544                EXTI1_IRQHandler
                0x08000544                RTCAlarm_IRQHandler
                0x08000544                USART2_IRQHandler
                0x08000544                I2C2_ER_IRQHandler
                0x08000544                DMA1_Channel2_IRQHandler
                0x08000544                CAN1_SCE_IRQHandler
                0x08000544                FLASH_IRQHandler
                0x08000544                BusFault_Handler
                0x08000544                USART1_IRQHandler
                0x08000544                I2C1_ER_IRQHandler
                0x08000544                USBWakeUp_IRQHandler
 .text.GPIO_Init
                0x0800054c      0x180 ..\obj\stm32f10x_gpio.o
                0x0800054c                GPIO_Init
 .text.GPIO_ReadInputDataBit
                0x080006cc       0x34 ..\obj\stm32f10x_gpio.o
                0x080006cc                GPIO_ReadInputDataBit
 .text.GPIO_EXTILineConfig
                0x08000700       0x84 ..\obj\stm32f10x_gpio.o
                0x08000700                GPIO_EXTILineConfig
 .text.Configure_HSI_Clock
                0x08000784       0x54 ..\obj\main.o
                0x08000784                Configure_HSI_Clock
 .text.main     0x080007d8      0x188 ..\obj\main.o
                0x080007d8                main
 .text.RefreshCustomRESTResponseWeather
                0x08000960       0x7c ..\obj\WebServer.o
                0x08000960                RefreshCustomRESTResponseWeather
 .text.SendRESTResponse
                0x080009dc      0x134 ..\obj\WebServer.o
                0x080009dc                SendRESTResponse
 .text.StartServer
                0x08000b10       0x80 ..\obj\WebServer.o
                0x08000b10                StartServer
 .text.RCC_HSEConfig
                0x08000b90       0x5c ..\obj\stm32f10x_rcc.o
                0x08000b90                RCC_HSEConfig
 .text.RCC_HSICmd
                0x08000bec       0x20 ..\obj\stm32f10x_rcc.o
                0x08000bec                RCC_HSICmd
 .text.RCC_PLLConfig
                0x08000c0c       0x3c ..\obj\stm32f10x_rcc.o
                0x08000c0c                RCC_PLLConfig
 .text.RCC_PLLCmd
                0x08000c48       0x20 ..\obj\stm32f10x_rcc.o
                0x08000c48                RCC_PLLCmd
 .text.RCC_SYSCLKConfig
                0x08000c68       0x38 ..\obj\stm32f10x_rcc.o
                0x08000c68                RCC_SYSCLKConfig
 .text.RCC_HCLKConfig
                0x08000ca0       0x38 ..\obj\stm32f10x_rcc.o
                0x08000ca0                RCC_HCLKConfig
 .text.RCC_PCLK1Config
                0x08000cd8       0x38 ..\obj\stm32f10x_rcc.o
                0x08000cd8                RCC_PCLK1Config
 .text.RCC_PCLK2Config
                0x08000d10       0x38 ..\obj\stm32f10x_rcc.o
                0x08000d10                RCC_PCLK2Config
 .text.RCC_ADCCLKConfig
                0x08000d48       0x38 ..\obj\stm32f10x_rcc.o
                0x08000d48                RCC_ADCCLKConfig
 .text.RCC_GetClocksFreq
                0x08000d80      0x164 ..\obj\stm32f10x_rcc.o
                0x08000d80                RCC_GetClocksFreq
 .text.RCC_AHBPeriphClockCmd
                0x08000ee4       0x3c ..\obj\stm32f10x_rcc.o
                0x08000ee4                RCC_AHBPeriphClockCmd
 .text.RCC_APB2PeriphClockCmd
                0x08000f20       0x3c ..\obj\stm32f10x_rcc.o
                0x08000f20                RCC_APB2PeriphClockCmd
 .text.RCC_APB1PeriphClockCmd
                0x08000f5c       0x3c ..\obj\stm32f10x_rcc.o
                0x08000f5c                RCC_APB1PeriphClockCmd
 .text.RCC_GetFlagStatus
                0x08000f98       0x74 ..\obj\stm32f10x_rcc.o
                0x08000f98                RCC_GetFlagStatus
 .text.EXTI_Init
                0x0800100c       0xe4 ..\obj\stm32f10x_exti.o
                0x0800100c                EXTI_Init
 .text.EXTI_GetITStatus
                0x080010f0       0x48 ..\obj\stm32f10x_exti.o
                0x080010f0                EXTI_GetITStatus
 .text.EXTI_ClearITPendingBit
                0x08001138       0x1c ..\obj\stm32f10x_exti.o
                0x08001138                EXTI_ClearITPendingBit
 .text.USART_Init
                0x08001154      0x174 ..\obj\stm32f10x_usart.o
                0x08001154                USART_Init
 .text.USART_Cmd
                0x080012c8       0x40 ..\obj\stm32f10x_usart.o
                0x080012c8                USART_Cmd
 .text.USART_DMACmd
                0x08001308       0x48 ..\obj\stm32f10x_usart.o
                0x08001308                USART_DMACmd
 .text.USART_SendData
                0x08001350       0x24 ..\obj\stm32f10x_usart.o
                0x08001350                USART_SendData
 .text.USART_GetFlagStatus
                0x08001374       0x38 ..\obj\stm32f10x_usart.o
                0x08001374                USART_GetFlagStatus
 .text._sbrk    0x080013ac       0x40 ..\obj\syscalls.o
                0x080013ac                _sbrk
 .text.FLASH_SetLatency
                0x080013ec       0x38 ..\obj\stm32f10x_flash.o
                0x080013ec                FLASH_SetLatency
 .text.DMA_DeInit
                0x08001424      0x178 ..\obj\stm32f10x_dma.o
                0x08001424                DMA_DeInit
 .text.DMA_Init
                0x0800159c       0x7c ..\obj\stm32f10x_dma.o
                0x0800159c                DMA_Init
 .text.DMA_Cmd  0x08001618       0x38 ..\obj\stm32f10x_dma.o
                0x08001618                DMA_Cmd
 .text.DMA_ClearFlag
                0x08001650       0x34 ..\obj\stm32f10x_dma.o
                0x08001650                DMA_ClearFlag
 .text.NVIC_SetPriority
                0x08001684       0x54 ..\obj\mytime.o
 .text.SysTick_Config
                0x080016d8       0x44 ..\obj\mytime.o
 .text.Init_Time
                0x0800171c       0x3c ..\obj\mytime.o
                0x0800171c                Init_Time
 .text.Micros   0x08001758       0x44 ..\obj\mytime.o
                0x08001758                Micros
 .text.Millis   0x0800179c       0x18 ..\obj\mytime.o
                0x0800179c                Millis
 .text.SysTick_Handler
                0x080017b4       0x1c ..\obj\mytime.o
                0x080017b4                SysTick_Handler
 .text.NVIC_SetPriority
                0x080017d0       0x54 ..\obj\dht22.o
 .text.NVIC_EncodePriority
                0x08001824       0x68 ..\obj\dht22.o
 .text.DHT22_Init
                0x0800188c       0x18 ..\obj\dht22.o
                0x0800188c                DHT22_Init
 .text.DHT22_Start_Read
                0x080018a4      0x160 ..\obj\dht22.o
                0x080018a4                DHT22_Start_Read
 .text.DHT22_Config_CLK
                0x08001a04       0x18 ..\obj\dht22.o
                0x08001a04                DHT22_Config_CLK
 .text.DHT22_Config_GPIO_INPUT
                0x08001a1c       0x28 ..\obj\dht22.o
                0x08001a1c                DHT22_Config_GPIO_INPUT
 .text.DHT22_Config_GPIO_OUTPUT
                0x08001a44       0x28 ..\obj\dht22.o
                0x08001a44                DHT22_Config_GPIO_OUTPUT
 .text.DHT22_Config_EXTInterrupt_Enable
                0x08001a6c       0x2c ..\obj\dht22.o
                0x08001a6c                DHT22_Config_EXTInterrupt_Enable
 .text.DHT22_Config_NVIC
                0x08001a98       0x38 ..\obj\dht22.o
                0x08001a98                DHT22_Config_NVIC
 .text.DHT22_Times_To_Bits16
                0x08001ad0       0x98 ..\obj\dht22.o
                0x08001ad0                DHT22_Times_To_Bits16
 .text.EXTI9_5_IRQHandler
                0x08001b68       0xa0 ..\obj\dht22.o
                0x08001b68                EXTI9_5_IRQHandler
 .text.NVIC_Init
                0x08001c08       0xc4 ..\obj\misc.o
                0x08001c08                NVIC_Init
 .text.I2C_Init
                0x08001ccc      0x184 ..\obj\stm32f10x_i2c.o
                0x08001ccc                I2C_Init
 .text.I2C_Cmd  0x08001e50       0x40 ..\obj\stm32f10x_i2c.o
                0x08001e50                I2C_Cmd
 .text.Update_State_Variables
                0x08001e90       0x70 ..\obj\WebServerConfig.o
                0x08001e90                Update_State_Variables
 .text.Wifi_Init
                0x08001f00       0x28 ..\obj\esp8266.o
                0x08001f00                Wifi_Init
 .text.Wifi_OFF
                0x08001f28       0x18 ..\obj\esp8266.o
                0x08001f28                Wifi_OFF
 .text.Wifi_ON  0x08001f40       0x18 ..\obj\esp8266.o
                0x08001f40                Wifi_ON
 .text.ClearArray_Size
                0x08001f58       0x20 ..\obj\esp8266.o
                0x08001f58                ClearArray_Size
 .text.Wifi_ReadyWaitForAnswer
                0x08001f78       0x20 ..\obj\esp8266.o
                0x08001f78                Wifi_ReadyWaitForAnswer
 .text.Wifi_WaitForAnswerCMD
                0x08001f98       0xc0 ..\obj\esp8266.o
                0x08001f98                Wifi_WaitForAnswerCMD
 .text.Wifi_WaitForAnswer_SEND_OK
                0x08002058       0xe8 ..\obj\esp8266.o
                0x08002058                Wifi_WaitForAnswer_SEND_OK
 .text.Wifi_SendCustomCommand_External_Wait
                0x08002140       0x74 ..\obj\esp8266.o
                0x08002140                Wifi_SendCustomCommand_External_Wait
 .text.Wifi_SendCommand
                0x080021b4       0xb8 ..\obj\esp8266.o
                0x080021b4                Wifi_SendCommand
 .text.ProcessIPD_Data
                0x0800226c       0xac ..\obj\esp8266.o
                0x0800226c                ProcessIPD_Data
 .text.IndexOf  0x08002318       0x50 ..\obj\esp8266.o
                0x08002318                IndexOf
 .text.IsRequestType
                0x08002368       0x44 ..\obj\esp8266.o
                0x08002368                IsRequestType
 .text.Wifi_CheckDMABuff_ForReady
                0x080023ac       0x84 ..\obj\esp8266.o
                0x080023ac                Wifi_CheckDMABuff_ForReady
 .text.Wifi_CheckDMABuff_ForCIFSRData
                0x08002430       0xd4 ..\obj\esp8266.o
                0x08002430                Wifi_CheckDMABuff_ForCIFSRData
 .text.Wifi_CheckDMABuff_ForIPDData
                0x08002504      0x31c ..\obj\esp8266.o
                0x08002504                Wifi_CheckDMABuff_ForIPDData
 .text          0x08002820      0x370 c:/program files (x86)/gnu tools arm embedded/4.9 2014q4/bin/../lib/gcc/arm-none-eabi/4.9.3/armv7-m\libgcc.a(_arm_addsubdf3.o)
                0x08002820                __aeabi_drsub
                0x08002828                __aeabi_dsub
                0x08002828                __subdf3
                0x0800282c                __aeabi_dadd
                0x0800282c                __adddf3
                0x08002aa4                __floatunsidf
                0x08002aa4                __aeabi_ui2d
                0x08002ac4                __floatsidf
                0x08002ac4                __aeabi_i2d
                0x08002ae8                __aeabi_f2d
                0x08002ae8                __extendsfdf2
                0x08002b24                __floatundidf
                0x08002b24                __aeabi_ul2d
                0x08002b34                __floatdidf
                0x08002b34                __aeabi_l2d
 .text          0x08002b90      0x424 c:/program files (x86)/gnu tools arm embedded/4.9 2014q4/bin/../lib/gcc/arm-none-eabi/4.9.3/armv7-m\libgcc.a(_arm_muldivdf3.o)
                0x08002b90                __aeabi_dmul
                0x08002b90                __muldf3
                0x08002de4                __divdf3
                0x08002de4                __aeabi_ddiv
 .text          0x08002fb4       0xa0 c:/program files (x86)/gnu tools arm embedded/4.9 2014q4/bin/../lib/gcc/arm-none-eabi/4.9.3/armv7-m\libgcc.a(_arm_truncdfsf2.o)
                0x08002fb4                __truncdfsf2
                0x08002fb4                __aeabi_d2f
 .text.atoi     0x08003054        0x8 c:/program files (x86)/gnu tools arm embedded/4.9 2014q4/bin/../lib/gcc/arm-none-eabi/4.9.3/../../../../arm-none-eabi/lib/armv7-m\libg.a(lib_a-atoi.o)
                0x08003054                atoi
 .text.critical_factorization
                0x0800305c       0xb8 c:/program files (x86)/gnu tools arm embedded/4.9 2014q4/bin/../lib/gcc/arm-none-eabi/4.9.3/../../../../arm-none-eabi/lib/armv7-m\libg.a(lib_a-memmem.o)
 .text.two_way_long_needle
                0x08003114      0x1f4 c:/program files (x86)/gnu tools arm embedded/4.9 2014q4/bin/../lib/gcc/arm-none-eabi/4.9.3/../../../../arm-none-eabi/lib/armv7-m\libg.a(lib_a-memmem.o)
 .text.memmem   0x08003308      0x1bc c:/program files (x86)/gnu tools arm embedded/4.9 2014q4/bin/../lib/gcc/arm-none-eabi/4.9.3/../../../../arm-none-eabi/lib/armv7-m\libg.a(lib_a-memmem.o)
                0x08003308                memmem
 .text.memset   0x080034c4       0x9c c:/program files (x86)/gnu tools arm embedded/4.9 2014q4/bin/../lib/gcc/arm-none-eabi/4.9.3/../../../../arm-none-eabi/lib/armv7-m\libg.a(lib_a-memset.o)
                0x080034c4                memset
 .text.snprintf
                0x08003560       0x98 c:/program files (x86)/gnu tools arm embedded/4.9 2014q4/bin/../lib/gcc/arm-none-eabi/4.9.3/../../../../arm-none-eabi/lib/armv7-m\libg.a(lib_a-snprintf.o)
                0x08003560                snprintf
 .text.sprintf  0x080035f8       0x4c c:/program files (x86)/gnu tools arm embedded/4.9 2014q4/bin/../lib/gcc/arm-none-eabi/4.9.3/../../../../arm-none-eabi/lib/armv7-m\libg.a(lib_a-sprintf.o)
                0x080035f8                sprintf
 .text.strchr   0x08003644       0xcc c:/program files (x86)/gnu tools arm embedded/4.9 2014q4/bin/../lib/gcc/arm-none-eabi/4.9.3/../../../../arm-none-eabi/lib/armv7-m\libg.a(lib_a-strchr.o)
                0x08003644                strchr
 .text.strcpy   0x08003710       0xbc c:/program files (x86)/gnu tools arm embedded/4.9 2014q4/bin/../lib/gcc/arm-none-eabi/4.9.3/../../../../arm-none-eabi/lib/armv7-m\libg.a(lib_a-strcpy.o)
                0x08003710                strcpy
 .text.strlen   0x080037cc       0x5c c:/program files (x86)/gnu tools arm embedded/4.9 2014q4/bin/../lib/gcc/arm-none-eabi/4.9.3/../../../../arm-none-eabi/lib/armv7-m\libg.a(lib_a-strlen.o)
                0x080037cc                strlen
 .text.critical_factorization
                0x08003828       0xb8 c:/program files (x86)/gnu tools arm embedded/4.9 2014q4/bin/../lib/gcc/arm-none-eabi/4.9.3/../../../../arm-none-eabi/lib/armv7-m\libg.a(lib_a-strstr.o)
 .text.two_way_long_needle
                0x080038e0      0x1f8 c:/program files (x86)/gnu tools arm embedded/4.9 2014q4/bin/../lib/gcc/arm-none-eabi/4.9.3/../../../../arm-none-eabi/lib/armv7-m\libg.a(lib_a-strstr.o)
 .text.strstr   0x08003ad8      0x220 c:/program files (x86)/gnu tools arm embedded/4.9 2014q4/bin/../lib/gcc/arm-none-eabi/4.9.3/../../../../arm-none-eabi/lib/armv7-m\libg.a(lib_a-strstr.o)
                0x08003ad8                strstr
 .text.strtok   0x08003cf8       0x10 c:/program files (x86)/gnu tools arm embedded/4.9 2014q4/bin/../lib/gcc/arm-none-eabi/4.9.3/../../../../arm-none-eabi/lib/armv7-m\libg.a(lib_a-strtok.o)
                0x08003cf8                strtok
 .text.__strtok_r
                0x08003d08       0x64 c:/program files (x86)/gnu tools arm embedded/4.9 2014q4/bin/../lib/gcc/arm-none-eabi/4.9.3/../../../../arm-none-eabi/lib/armv7-m\libg.a(lib_a-strtok_r.o)
                0x08003d08                __strtok_r
 .text._strtol_r
                0x08003d6c      0x11c c:/program files (x86)/gnu tools arm embedded/4.9 2014q4/bin/../lib/gcc/arm-none-eabi/4.9.3/../../../../arm-none-eabi/lib/armv7-m\libg.a(lib_a-strtol.o)
                0x08003d6c                _strtol_r
 .text.strtol   0x08003e88       0x18 c:/program files (x86)/gnu tools arm embedded/4.9 2014q4/bin/../lib/gcc/arm-none-eabi/4.9.3/../../../../arm-none-eabi/lib/armv7-m\libg.a(lib_a-strtol.o)
                0x08003e88                strtol
 .text._svfprintf_r
                0x08003ea0     0x14f4 c:/program files (x86)/gnu tools arm embedded/4.9 2014q4/bin/../lib/gcc/arm-none-eabi/4.9.3/../../../../arm-none-eabi/lib/armv7-m\libg.a(lib_a-svfprintf.o)
                0x08003ea0                _svfprintf_r
 .text.quorem   0x08005394      0x130 c:/program files (x86)/gnu tools arm embedded/4.9 2014q4/bin/../lib/gcc/arm-none-eabi/4.9.3/../../../../arm-none-eabi/lib/armv7-m\libg.a(lib_a-dtoa.o)
 *fill*         0x080054c4        0x4 
 .text._dtoa_r  0x080054c8      0xea8 c:/program files (x86)/gnu tools arm embedded/4.9 2014q4/bin/../lib/gcc/arm-none-eabi/4.9.3/../../../../arm-none-eabi/lib/armv7-m\libg.a(lib_a-dtoa.o)
                0x080054c8                _dtoa_r
 .text._localeconv_r
                0x08006370        0x8 c:/program files (x86)/gnu tools arm embedded/4.9 2014q4/bin/../lib/gcc/arm-none-eabi/4.9.3/../../../../arm-none-eabi/lib/armv7-m\libg.a(lib_a-locale.o)
                0x08006370                _localeconv_r
 .text._malloc_r
                0x08006378      0x504 c:/program files (x86)/gnu tools arm embedded/4.9 2014q4/bin/../lib/gcc/arm-none-eabi/4.9.3/../../../../arm-none-eabi/lib/armv7-m\libg.a(lib_a-mallocr.o)
                0x08006378                _malloc_r
 .text.memchr   0x0800687c       0x94 c:/program files (x86)/gnu tools arm embedded/4.9 2014q4/bin/../lib/gcc/arm-none-eabi/4.9.3/../../../../arm-none-eabi/lib/armv7-m\libg.a(lib_a-memchr.o)
                0x0800687c                memchr
 .text.memcmp   0x08006910       0x64 c:/program files (x86)/gnu tools arm embedded/4.9 2014q4/bin/../lib/gcc/arm-none-eabi/4.9.3/../../../../arm-none-eabi/lib/armv7-m\libg.a(lib_a-memcmp.o)
                0x08006910                memcmp
 .text          0x08006974       0xec c:/program files (x86)/gnu tools arm embedded/4.9 2014q4/bin/../lib/gcc/arm-none-eabi/4.9.3/../../../../arm-none-eabi/lib/armv7-m\libg.a(lib_a-memcpy.o)
                0x08006974                memcpy
 .text.__malloc_lock
                0x08006a60        0x4 c:/program files (x86)/gnu tools arm embedded/4.9 2014q4/bin/../lib/gcc/arm-none-eabi/4.9.3/../../../../arm-none-eabi/lib/armv7-m\libg.a(lib_a-mlock.o)
                0x08006a60                __malloc_lock
 .text.__malloc_unlock
                0x08006a64        0x4 c:/program files (x86)/gnu tools arm embedded/4.9 2014q4/bin/../lib/gcc/arm-none-eabi/4.9.3/../../../../arm-none-eabi/lib/armv7-m\libg.a(lib_a-mlock.o)
                0x08006a64                __malloc_unlock
 .text._Balloc  0x08006a68       0x50 c:/program files (x86)/gnu tools arm embedded/4.9 2014q4/bin/../lib/gcc/arm-none-eabi/4.9.3/../../../../arm-none-eabi/lib/armv7-m\libg.a(lib_a-mprec.o)
                0x08006a68                _Balloc
 .text._Bfree   0x08006ab8       0x14 c:/program files (x86)/gnu tools arm embedded/4.9 2014q4/bin/../lib/gcc/arm-none-eabi/4.9.3/../../../../arm-none-eabi/lib/armv7-m\libg.a(lib_a-mprec.o)
                0x08006ab8                _Bfree
 .text.__multadd
                0x08006acc       0x84 c:/program files (x86)/gnu tools arm embedded/4.9 2014q4/bin/../lib/gcc/arm-none-eabi/4.9.3/../../../../arm-none-eabi/lib/armv7-m\libg.a(lib_a-mprec.o)
                0x08006acc                __multadd
 .text.__hi0bits
                0x08006b50       0x40 c:/program files (x86)/gnu tools arm embedded/4.9 2014q4/bin/../lib/gcc/arm-none-eabi/4.9.3/../../../../arm-none-eabi/lib/armv7-m\libg.a(lib_a-mprec.o)
                0x08006b50                __hi0bits
 .text.__lo0bits
                0x08006b90       0x5c c:/program files (x86)/gnu tools arm embedded/4.9 2014q4/bin/../lib/gcc/arm-none-eabi/4.9.3/../../../../arm-none-eabi/lib/armv7-m\libg.a(lib_a-mprec.o)
                0x08006b90                __lo0bits
 .text.__i2b    0x08006bec       0x14 c:/program files (x86)/gnu tools arm embedded/4.9 2014q4/bin/../lib/gcc/arm-none-eabi/4.9.3/../../../../arm-none-eabi/lib/armv7-m\libg.a(lib_a-mprec.o)
                0x08006bec                __i2b
 .text.__multiply
                0x08006c00      0x140 c:/program files (x86)/gnu tools arm embedded/4.9 2014q4/bin/../lib/gcc/arm-none-eabi/4.9.3/../../../../arm-none-eabi/lib/armv7-m\libg.a(lib_a-mprec.o)
                0x08006c00                __multiply
 .text.__pow5mult
                0x08006d40       0xa0 c:/program files (x86)/gnu tools arm embedded/4.9 2014q4/bin/../lib/gcc/arm-none-eabi/4.9.3/../../../../arm-none-eabi/lib/armv7-m\libg.a(lib_a-mprec.o)
                0x08006d40                __pow5mult
 .text.__lshift
                0x08006de0       0xb0 c:/program files (x86)/gnu tools arm embedded/4.9 2014q4/bin/../lib/gcc/arm-none-eabi/4.9.3/../../../../arm-none-eabi/lib/armv7-m\libg.a(lib_a-mprec.o)
                0x08006de0                __lshift
 .text.__mcmp   0x08006e90       0x48 c:/program files (x86)/gnu tools arm embedded/4.9 2014q4/bin/../lib/gcc/arm-none-eabi/4.9.3/../../../../arm-none-eabi/lib/armv7-m\libg.a(lib_a-mprec.o)
                0x08006e90                __mcmp
 .text.__mdiff  0x08006ed8       0xe4 c:/program files (x86)/gnu tools arm embedded/4.9 2014q4/bin/../lib/gcc/arm-none-eabi/4.9.3/../../../../arm-none-eabi/lib/armv7-m\libg.a(lib_a-mprec.o)
                0x08006ed8                __mdiff
 .text.__d2b    0x08006fbc       0xa8 c:/program files (x86)/gnu tools arm embedded/4.9 2014q4/bin/../lib/gcc/arm-none-eabi/4.9.3/../../../../arm-none-eabi/lib/armv7-m\libg.a(lib_a-mprec.o)
                0x08006fbc                __d2b
 .text.__fpclassifyd
                0x08007064       0x58 c:/program files (x86)/gnu tools arm embedded/4.9 2014q4/bin/../lib/gcc/arm-none-eabi/4.9.3/../../../../arm-none-eabi/lib/armv7-m\libg.a(lib_a-s_fpclassify.o)
                0x08007064                __fpclassifyd
 .text._sbrk_r  0x080070bc       0x24 c:/program files (x86)/gnu tools arm embedded/4.9 2014q4/bin/../lib/gcc/arm-none-eabi/4.9.3/../../../../arm-none-eabi/lib/armv7-m\libg.a(lib_a-sbrkr.o)
                0x080070bc                _sbrk_r
 .text.__ssprint_r
                0x080070e0      0x104 c:/program files (x86)/gnu tools arm embedded/4.9 2014q4/bin/../lib/gcc/arm-none-eabi/4.9.3/../../../../arm-none-eabi/lib/armv7-m\libg.a(lib_a-svfiprintf.o)
                0x080070e0                __ssprint_r
 .text._calloc_r
                0x080071e4       0x60 c:/program files (x86)/gnu tools arm embedded/4.9 2014q4/bin/../lib/gcc/arm-none-eabi/4.9.3/../../../../arm-none-eabi/lib/armv7-m\libg.a(lib_a-callocr.o)
                0x080071e4                _calloc_r
 .text._malloc_trim_r
                0x08007244       0x9c c:/program files (x86)/gnu tools arm embedded/4.9 2014q4/bin/../lib/gcc/arm-none-eabi/4.9.3/../../../../arm-none-eabi/lib/armv7-m\libg.a(lib_a-freer.o)
                0x08007244                _malloc_trim_r
 .text._free_r  0x080072e0      0x1b0 c:/program files (x86)/gnu tools arm embedded/4.9 2014q4/bin/../lib/gcc/arm-none-eabi/4.9.3/../../../../arm-none-eabi/lib/armv7-m\libg.a(lib_a-freer.o)
                0x080072e0                _free_r
 .text.memmove  0x08007490       0xc8 c:/program files (x86)/gnu tools arm embedded/4.9 2014q4/bin/../lib/gcc/arm-none-eabi/4.9.3/../../../../arm-none-eabi/lib/armv7-m\libg.a(lib_a-memmove.o)
                0x08007490                memmove
 .text._realloc_r
                0x08007558      0x3e0 c:/program files (x86)/gnu tools arm embedded/4.9 2014q4/bin/../lib/gcc/arm-none-eabi/4.9.3/../../../../arm-none-eabi/lib/armv7-m\libg.a(lib_a-reallocr.o)
                0x08007558                _realloc_r
 .text          0x08007938      0x110 c:/program files (x86)/gnu tools arm embedded/4.9 2014q4/bin/../lib/gcc/arm-none-eabi/4.9.3/armv7-m\libgcc.a(_arm_cmpdf2.o)
                0x08007938                __gtdf2
                0x08007938                __gedf2
                0x08007940                __ltdf2
                0x08007940                __ledf2
                0x08007948                __nedf2
                0x08007948                __eqdf2
                0x08007948                __cmpdf2
                0x080079c4                __aeabi_cdrcmple
                0x080079d4                __aeabi_cdcmpeq
                0x080079d4                __aeabi_cdcmple
                0x080079e4                __aeabi_dcmpeq
                0x080079f8                __aeabi_dcmplt
                0x08007a0c                __aeabi_dcmple
                0x08007a20                __aeabi_dcmpge
                0x08007a34                __aeabi_dcmpgt
 .text          0x08007a48       0x50 c:/program files (x86)/gnu tools arm embedded/4.9 2014q4/bin/../lib/gcc/arm-none-eabi/4.9.3/armv7-m\libgcc.a(_arm_fixdfsi.o)
                0x08007a48                __aeabi_d2iz
                0x08007a48                __fixdfsi
 .text          0x08007a98       0x2c c:/program files (x86)/gnu tools arm embedded/4.9 2014q4/bin/../lib/gcc/arm-none-eabi/4.9.3/armv7-m\libgcc.a(_aeabi_uldivmod.o)
                0x08007a98                __aeabi_uldivmod
 .text          0x08007ac4       0x60 c:/program files (x86)/gnu tools arm embedded/4.9 2014q4/bin/../lib/gcc/arm-none-eabi/4.9.3/armv7-m\libgcc.a(bpabi.o)
                0x08007ac4                __gnu_ldivmod_helper
                0x08007af4                __gnu_uldivmod_helper
 .text          0x08007b24        0x4 c:/program files (x86)/gnu tools arm embedded/4.9 2014q4/bin/../lib/gcc/arm-none-eabi/4.9.3/armv7-m\libgcc.a(_dvmd_tls.o)
                0x08007b24                __aeabi_idiv0
                0x08007b24                __aeabi_ldiv0
 .text          0x08007b28      0x2ac c:/program files (x86)/gnu tools arm embedded/4.9 2014q4/bin/../lib/gcc/arm-none-eabi/4.9.3/armv7-m\libgcc.a(_divdi3.o)
                0x08007b28                __divdi3
 .text          0x08007dd4      0x270 c:/program files (x86)/gnu tools arm embedded/4.9 2014q4/bin/../lib/gcc/arm-none-eabi/4.9.3/armv7-m\libgcc.a(_udivdi3.o)
                0x08007dd4                __udivdi3
 *(.init)
 *(.fini)
 *crtbegin.o(.ctors)
 *crtbegin?.o(.ctors)
 *(EXCLUDE_FILE(*crtend.o *crtend?.o) .ctors)
 *(SORT(.ctors.*))
 *(.ctors)
 *crtbegin.o(.dtors)
 *crtbegin?.o(.dtors)
 *(EXCLUDE_FILE(*crtend.o *crtend?.o) .dtors)
 *(SORT(.dtors.*))
 *(.dtors)
 *(.rodata*)
 .rodata        0x08008044      0x224 ..\obj\WebServer.o
 .rodata        0x08008268       0x40 ..\obj\WebServerConfig.o
 .rodata        0x080082a8      0x1f4 ..\obj\esp8266.o
 .rodata.blanks.6794
                0x0800849c       0x10 c:/program files (x86)/gnu tools arm embedded/4.9 2014q4/bin/../lib/gcc/arm-none-eabi/4.9.3/../../../../arm-none-eabi/lib/armv7-m\libg.a(lib_a-svfprintf.o)
 .rodata.str1.4
                0x080084ac       0x42 c:/program files (x86)/gnu tools arm embedded/4.9 2014q4/bin/../lib/gcc/arm-none-eabi/4.9.3/../../../../arm-none-eabi/lib/armv7-m\libg.a(lib_a-svfprintf.o)
                                 0x44 (size before relaxing)
 *fill*         0x080084ee        0x2 
 .rodata.zeroes.6795
                0x080084f0       0x10 c:/program files (x86)/gnu tools arm embedded/4.9 2014q4/bin/../lib/gcc/arm-none-eabi/4.9.3/../../../../arm-none-eabi/lib/armv7-m\libg.a(lib_a-svfprintf.o)
 .rodata._ctype_
                0x08008500      0x104 c:/program files (x86)/gnu tools arm embedded/4.9 2014q4/bin/../lib/gcc/arm-none-eabi/4.9.3/../../../../arm-none-eabi/lib/armv7-m\libg.a(lib_a-ctype_.o)
                0x08008500                _ctype_
 .rodata.str1.4
                0x08008604       0x10 c:/program files (x86)/gnu tools arm embedded/4.9 2014q4/bin/../lib/gcc/arm-none-eabi/4.9.3/../../../../arm-none-eabi/lib/armv7-m\libg.a(lib_a-dtoa.o)
                                 0x14 (size before relaxing)
 .rodata.str1.4
                0x08008614        0x2 c:/program files (x86)/gnu tools arm embedded/4.9 2014q4/bin/../lib/gcc/arm-none-eabi/4.9.3/../../../../arm-none-eabi/lib/armv7-m\libg.a(lib_a-impure.o)
                                  0x4 (size before relaxing)
 *fill*         0x08008616        0x2 
 .rodata.str1.4
                0x08008618        0xc c:/program files (x86)/gnu tools arm embedded/4.9 2014q4/bin/../lib/gcc/arm-none-eabi/4.9.3/../../../../arm-none-eabi/lib/armv7-m\libg.a(lib_a-locale.o)
                                 0x14 (size before relaxing)
 *fill*         0x08008624        0x4 
 .rodata.__mprec_tens
                0x08008628       0xc8 c:/program files (x86)/gnu tools arm embedded/4.9 2014q4/bin/../lib/gcc/arm-none-eabi/4.9.3/../../../../arm-none-eabi/lib/armv7-m\libg.a(lib_a-mprec.o)
                0x08008628                __mprec_tens
 .rodata.__mprec_bigtens
                0x080086f0       0x28 c:/program files (x86)/gnu tools arm embedded/4.9 2014q4/bin/../lib/gcc/arm-none-eabi/4.9.3/../../../../arm-none-eabi/lib/armv7-m\libg.a(lib_a-mprec.o)
                0x080086f0                __mprec_bigtens
 .rodata.p05.5265
                0x08008718        0xc c:/program files (x86)/gnu tools arm embedded/4.9 2014q4/bin/../lib/gcc/arm-none-eabi/4.9.3/../../../../arm-none-eabi/lib/armv7-m\libg.a(lib_a-mprec.o)
 *(.eh_fram e*)

.glue_7         0x08008724        0x0
 .glue_7        0x00000000        0x0 linker stubs

.glue_7t        0x08008724        0x0
 .glue_7t       0x00000000        0x0 linker stubs

.vfp11_veneer   0x08008724        0x0
 .vfp11_veneer  0x00000000        0x0 linker stubs

.v4_bx          0x08008724        0x0
 .v4_bx         0x00000000        0x0 linker stubs

.iplt           0x08008724        0x0
 .iplt          0x00000000        0x0 ..\obj\stm32f10x_tim.o

.ARM.extab
 *(.ARM.extab* .gnu.linkonce.armextab.*)
                0x08008724                __exidx_start = .

.ARM.exidx      0x08008724        0x8
 *(.ARM.exidx* .gnu.linkonce.armexidx.*)
 .ARM.exidx     0x08008724        0x8 c:/program files (x86)/gnu tools arm embedded/4.9 2014q4/bin/../lib/gcc/arm-none-eabi/4.9.3/armv7-m\libgcc.a(_divdi3.o)
 .ARM.exidx     0x0800872c        0x0 c:/program files (x86)/gnu tools arm embedded/4.9 2014q4/bin/../lib/gcc/arm-none-eabi/4.9.3/armv7-m\libgcc.a(_udivdi3.o)
                                  0x8 (size before relaxing)
                0x0800872c                __exidx_end = .
                0x0800872c                __etext = .
                0x0800872c                _sidata = __etext

.rel.dyn        0x0800872c        0x0
 .rel.iplt      0x00000000        0x0 ..\obj\stm32f10x_tim.o

.data           0x20000000      0x94c load address 0x0800872c
                0x20000000                __data_start__ = .
                0x20000000                _sdata = __data_start__
 *(vtable)
 *(.data*)
 .data          0x20000000       0x14 ..\obj\system_stm32f10x.o
                0x20000000                SystemCoreClock
                0x20000004                AHBPrescTable
 .data          0x20000014       0x30 ..\obj\WebServer.o
                0x20000014                HTTP_Method
                0x20000028                RequestHeaders_Array
                0x20000040                RESTResponse_Headers_Test_OK
 .data          0x20000044       0x14 ..\obj\stm32f10x_rcc.o
 .data          0x20000058        0x1 ..\obj\mytime.o
                0x20000058                freqMhz
 *fill*         0x20000059        0x3 
 .data          0x2000005c       0x78 ..\obj\esp8266.o
                0x2000005c                pumpModeToValidate
                0x2000005d                fanModeToValidate
                0x20000060                ATCommandsArray
                0x200000ac                ESP_Responses
 .data.__ctype_ptr__
                0x200000d4        0x4 c:/program files (x86)/gnu tools arm embedded/4.9 2014q4/bin/../lib/gcc/arm-none-eabi/4.9.3/../../../../arm-none-eabi/lib/armv7-m\libg.a(lib_a-ctype_.o)
                0x200000d4                __ctype_ptr__
 .data.impure_data
                0x200000d8      0x428 c:/program files (x86)/gnu tools arm embedded/4.9 2014q4/bin/../lib/gcc/arm-none-eabi/4.9.3/../../../../arm-none-eabi/lib/armv7-m\libg.a(lib_a-impure.o)
 .data._impure_ptr
                0x20000500        0x4 c:/program files (x86)/gnu tools arm embedded/4.9 2014q4/bin/../lib/gcc/arm-none-eabi/4.9.3/../../../../arm-none-eabi/lib/armv7-m\libg.a(lib_a-impure.o)
                0x20000500                _impure_ptr
 .data.lconv    0x20000504       0x38 c:/program files (x86)/gnu tools arm embedded/4.9 2014q4/bin/../lib/gcc/arm-none-eabi/4.9.3/../../../../arm-none-eabi/lib/armv7-m\libg.a(lib_a-locale.o)
 .data.__malloc_av_
                0x2000053c      0x408 c:/program files (x86)/gnu tools arm embedded/4.9 2014q4/bin/../lib/gcc/arm-none-eabi/4.9.3/../../../../arm-none-eabi/lib/armv7-m\libg.a(lib_a-mallocr.o)
                0x2000053c                __malloc_av_
 .data.__malloc_trim_threshold
                0x20000944        0x4 c:/program files (x86)/gnu tools arm embedded/4.9 2014q4/bin/../lib/gcc/arm-none-eabi/4.9.3/../../../../arm-none-eabi/lib/armv7-m\libg.a(lib_a-mallocr.o)
                0x20000944                __malloc_trim_threshold
 .data.__malloc_sbrk_base
                0x20000948        0x4 c:/program files (x86)/gnu tools arm embedded/4.9 2014q4/bin/../lib/gcc/arm-none-eabi/4.9.3/../../../../arm-none-eabi/lib/armv7-m\libg.a(lib_a-mallocr.o)
                0x20000948                __malloc_sbrk_base
                0x2000094c                . = ALIGN (0x4)
                0x2000094c                PROVIDE (__preinit_array_start, .)
 *(.preinit_array)
                0x2000094c                PROVIDE (__preinit_array_end, .)
                0x2000094c                . = ALIGN (0x4)
                0x2000094c                PROVIDE (__init_array_start, .)
 *(SORT(.init_array.*))
 *(.init_array)
                0x2000094c                PROVIDE (__init_array_end, .)
                0x2000094c                . = ALIGN (0x4)
                0x2000094c                PROVIDE (__fini_array_start, .)
 *(SORT(.fini_array.*))
 *(.fini_array)
                0x2000094c                PROVIDE (__fini_array_end, .)
 *(.jcr*)
                0x2000094c                . = ALIGN (0x4)
                0x2000094c                __data_end__ = .
                0x2000094c                _edata = __data_end__

.igot.plt       0x2000094c        0x0 load address 0x08009078
 .igot.plt      0x00000000        0x0 ..\obj\stm32f10x_tim.o

.bss            0x2000094c     0x12b0 load address 0x08009078
                0x2000094c                . = ALIGN (0x4)
                0x2000094c                __bss_start__ = .
                0x2000094c                _sbss = __bss_start__
 *(.bss*)
 .bss           0x2000094c       0x14 ..\obj\main.o
                0x2000094c                timeStamp
                0x20000950                i
                0x20000954                lastDMABuffPoll
                0x20000958                lastESPResetPoll
                0x2000095c                lastDHT22update
 .bss           0x20000960       0x10 ..\obj\WebServer.o
                0x20000960                wi
                0x20000964                headLength
                0x20000966                bodyLength
                0x20000968                bodyLengthLength
                0x2000096a                fullLength
                0x2000096c                fullCommandLen
 .bss           0x20000970        0x4 ..\obj\syscalls.o
 .bss           0x20000974        0x8 ..\obj\mytime.o
                0x20000974                millis
                0x20000978                micros
 .bss           0x2000097c       0x18 ..\obj\dht22.o
                0x2000097c                upTimeStart
                0x20000980                upTimeEnd
                0x20000984                downTimeStart
                0x20000988                downTimeEnd
                0x2000098c                currentBit
                0x20000990                dhtTimeStamp
 .bss           0x20000994       0x10 ..\obj\esp8266.o
                0x20000994                waitingForReponse
                0x20000995                OKFound
                0x20000996                ERRORFound
                0x20000998                TxWaitForResponse_TimeStmp
                0x2000099c                incommingDimmingValue
                0x200009a0                pointerRange
 .bss.__malloc_max_total_mem
                0x200009a4        0x4 c:/program files (x86)/gnu tools arm embedded/4.9 2014q4/bin/../lib/gcc/arm-none-eabi/4.9.3/../../../../arm-none-eabi/lib/armv7-m\libg.a(lib_a-mallocr.o)
                0x200009a4                __malloc_max_total_mem
 .bss.__malloc_max_sbrked_mem
                0x200009a8        0x4 c:/program files (x86)/gnu tools arm embedded/4.9 2014q4/bin/../lib/gcc/arm-none-eabi/4.9.3/../../../../arm-none-eabi/lib/armv7-m\libg.a(lib_a-mallocr.o)
                0x200009a8                __malloc_max_sbrked_mem
 .bss.__malloc_top_pad
                0x200009ac        0x4 c:/program files (x86)/gnu tools arm embedded/4.9 2014q4/bin/../lib/gcc/arm-none-eabi/4.9.3/../../../../arm-none-eabi/lib/armv7-m\libg.a(lib_a-mallocr.o)
                0x200009ac                __malloc_top_pad
 .bss.__malloc_current_mallinfo
                0x200009b0       0x28 c:/program files (x86)/gnu tools arm embedded/4.9 2014q4/bin/../lib/gcc/arm-none-eabi/4.9.3/../../../../arm-none-eabi/lib/armv7-m\libg.a(lib_a-mallocr.o)
                0x200009b0                __malloc_current_mallinfo
 *(COMMON)
 COMMON         0x200009d8       0x18 ..\obj\USART3_Config.o
                0x200009d8                GPIOB_Config_USART3
                0x200009dc                USART3_Config
                0x200009ec                USART3_Interrupt_Config
 COMMON         0x200009f0      0x75c ..\obj\main.o
                0x200009f0                altitude_Current
                0x200009f2                pressure_Current
                0x200009f4                microseconds
                0x200009f8                Current_DHT22_Reading
                0x20000a08                customRESTResponse
                0x20000d28                currentIPD
                0x20000d44                altTemp_Current
                0x20000d48                USART3_RxBuffer
                0x20001130                Current_BMP180_Reading
                0x20001138                currentESPStatus
                0x20001148                RESTResponse_Body_TEST_JSON
 COMMON         0x2000114c       0xd0 ..\obj\WebServer.o
                0x2000114c                bodyLengthSizeString
                0x20001150                data
                0x20001218                responseBuff
 COMMON         0x2000121c       0x48 ..\obj\dht22.o
                0x2000121c                DHT22_Buffer16
                0x20001224                DHT22_Pin_GPIO_Config
                0x20001228                humidTemp
                0x2000122c                DHT22_Bit_Time
                0x2000125c                DHT22_Buffer
                0x20001262                tempTemp
 COMMON         0x20001264      0x12c ..\obj\WebServerConfig.o
                0x20001264                webResponse
 COMMON         0x20001390      0x868 ..\obj\esp8266.o
                0x20001390                IPD_Processing_buf
                0x20001394                queryString1
                0x20001398                APMAC
                0x2000139c                commandToSend
                0x200013e4                STAIP
                0x200013e8                ESP_Ready_Buffer_Pntr
                0x200013ec                queryValue2
                0x200013f0                STAMAC
                0x200013f4                queryValue1
                0x200013f8                URI
                0x200013fc                closeConnectionBuffer
                0x2000140c                APIP
                0x20001410                ConnectNum
                0x20001414                ESP_IPD_DataBuffer
                0x200017fc                queryString2
                0x20001800                WaitForAnswer_cmd_Buffer
                0x20001804                WaitForAnswer_ans_Buffer
                0x20001808                dimmingString
                0x2000180c                ESP_Ready_Buffer
                0x20001bf4                ESP_IPD_Data_Buffer_Pntr
 COMMON         0x20001bf8        0x4 c:/program files (x86)/gnu tools arm embedded/4.9 2014q4/bin/../lib/gcc/arm-none-eabi/4.9.3/../../../../arm-none-eabi/lib/armv7-m\libg.a(lib_a-reent.o)
                0x20001bf8                errno
                0x20001bfc                . = ALIGN (0x4)
                0x20001bfc                __bss_end__ = .
                0x20001bfc                _ebss = __bss_end__

.heap           0x20001bfc        0x0
                0x20001bfc                __end__ = .
                0x20001bfc                _end = __end__
                0x20001bfc                end = __end__
 *(.heap*)
                0x20001bfc                __HeapLimit = .

.co_stack       0x20001bfc      0x404 load address 0x0800a328
                0x20001c00                . = ALIGN (0x8)
 *fill*         0x20001bfc        0x4 
 *(.co_stack .co_stack.*)
 .co_stack      0x20001c00      0x400 ..\obj\startup_stm32f10x_md.o
                0x20001c00                pulStack
                0x20005000                __StackTop = (ORIGIN (ram) + 0x5000)
                0x20004bfc                __StackLimit = (__StackTop - SIZEOF (.co_stack))
                0x20005000                PROVIDE (__stack, __StackTop)
                0x00000001                ASSERT ((__StackLimit >= __HeapLimit), region ram  overflowed with stack)
LOAD ..\obj\stm32f10x_tim.o
LOAD ..\obj\USART3_Config.o
LOAD ..\obj\system_stm32f10x.o
LOAD ..\obj\bmp180.o
LOAD ..\obj\startup_stm32f10x_md.o
LOAD ..\obj\stm32f10x_pwr.o
LOAD ..\obj\stm32f10x_gpio.o
LOAD ..\obj\main.o
LOAD ..\obj\WebServer.o
LOAD ..\obj\stm32f10x_rcc.o
LOAD ..\obj\stm32f10x_exti.o
LOAD ..\obj\stm32f10x_adc.o
LOAD ..\obj\stm32f10x_usart.o
LOAD ..\obj\syscalls.o
LOAD ..\obj\stm32f10x_flash.o
LOAD ..\obj\stm32f10x_dma.o
LOAD ..\obj\mytime.o
LOAD ..\obj\dht22.o
LOAD ..\obj\misc.o
LOAD ..\obj\stm32f10x_i2c.o
LOAD ..\obj\WebServerConfig.o
LOAD ..\obj\esp8266.o
LOAD ..\obj\stm32f10x_bkp.o
START GROUP
LOAD c:/program files (x86)/gnu tools arm embedded/4.9 2014q4/bin/../lib/gcc/arm-none-eabi/4.9.3/armv7-m\libgcc.a
LOAD c:/program files (x86)/gnu tools arm embedded/4.9 2014q4/bin/../lib/gcc/arm-none-eabi/4.9.3/../../../../arm-none-eabi/lib/armv7-m\libg.a
LOAD c:/program files (x86)/gnu tools arm embedded/4.9 2014q4/bin/../lib/gcc/arm-none-eabi/4.9.3/../../../../arm-none-eabi/lib/armv7-m\libc.a
END GROUP
OUTPUT(STM32-F103-CortexM3-ESP8266-weather.elf elf32-littlearm)

.debug_info     0x00000000     0x7a1c
 .debug_info    0x00000000      0x738 ..\obj\USART3_Config.o
 .debug_info    0x00000738      0x479 ..\obj\system_stm32f10x.o
 .debug_info    0x00000bb1      0x40b ..\obj\bmp180.o
 .debug_info    0x00000fbc       0xe9 ..\obj\startup_stm32f10x_md.o
 .debug_info    0x000010a5      0x6e7 ..\obj\stm32f10x_gpio.o
 .debug_info    0x0000178c      0x62d ..\obj\main.o
 .debug_info    0x00001db9      0x5bb ..\obj\WebServer.o
 .debug_info    0x00002374      0x88d ..\obj\stm32f10x_rcc.o
 .debug_info    0x00002c01      0x341 ..\obj\stm32f10x_exti.o
 .debug_info    0x00002f42      0x9e8 ..\obj\stm32f10x_usart.o
 .debug_info    0x0000392a      0x3ee ..\obj\syscalls.o
 .debug_info    0x00003d18      0x7b1 ..\obj\stm32f10x_flash.o
 .debug_info    0x000044c9      0x473 ..\obj\stm32f10x_dma.o
 .debug_info    0x0000493c      0x645 ..\obj\mytime.o
 .debug_info    0x00004f81      0xb1a ..\obj\dht22.o
 .debug_info    0x00005a9b      0x53d ..\obj\misc.o
 .debug_info    0x00005fd8      0xb00 ..\obj\stm32f10x_i2c.o
 .debug_info    0x00006ad8      0x158 ..\obj\WebServerConfig.o
 .debug_info    0x00006c30      0xdec ..\obj\esp8266.o

.debug_abbrev   0x00000000     0x1b6b
 .debug_abbrev  0x00000000      0x144 ..\obj\USART3_Config.o
 .debug_abbrev  0x00000144      0x14c ..\obj\system_stm32f10x.o
 .debug_abbrev  0x00000290      0x153 ..\obj\bmp180.o
 .debug_abbrev  0x000003e3       0xa7 ..\obj\startup_stm32f10x_md.o
 .debug_abbrev  0x0000048a      0x1c8 ..\obj\stm32f10x_gpio.o
 .debug_abbrev  0x00000652      0x184 ..\obj\main.o
 .debug_abbrev  0x000007d6      0x140 ..\obj\WebServer.o
 .debug_abbrev  0x00000916      0x1ba ..\obj\stm32f10x_rcc.o
 .debug_abbrev  0x00000ad0      0x151 ..\obj\stm32f10x_exti.o
 .debug_abbrev  0x00000c21      0x162 ..\obj\stm32f10x_usart.o
 .debug_abbrev  0x00000d83       0xe2 ..\obj\syscalls.o
 .debug_abbrev  0x00000e65      0x18b ..\obj\stm32f10x_flash.o
 .debug_abbrev  0x00000ff0      0x155 ..\obj\stm32f10x_dma.o
 .debug_abbrev  0x00001145      0x1c0 ..\obj\mytime.o
 .debug_abbrev  0x00001305      0x243 ..\obj\dht22.o
 .debug_abbrev  0x00001548      0x145 ..\obj\misc.o
 .debug_abbrev  0x0000168d      0x164 ..\obj\stm32f10x_i2c.o
 .debug_abbrev  0x000017f1       0xc5 ..\obj\WebServerConfig.o
 .debug_abbrev  0x000018b6      0x2b5 ..\obj\esp8266.o

.debug_aranges  0x00000000      0x948
 .debug_aranges
                0x00000000       0x50 ..\obj\USART3_Config.o
 .debug_aranges
                0x00000050       0x38 ..\obj\system_stm32f10x.o
 .debug_aranges
                0x00000088       0x38 ..\obj\bmp180.o
 .debug_aranges
                0x000000c0       0x28 ..\obj\startup_stm32f10x_md.o
 .debug_aranges
                0x000000e8       0xa8 ..\obj\stm32f10x_gpio.o
 .debug_aranges
                0x00000190       0x30 ..\obj\main.o
 .debug_aranges
                0x000001c0       0x40 ..\obj\WebServer.o
 .debug_aranges
                0x00000200      0x118 ..\obj\stm32f10x_rcc.o
 .debug_aranges
                0x00000318       0x58 ..\obj\stm32f10x_exti.o
 .debug_aranges
                0x00000370      0x100 ..\obj\stm32f10x_usart.o
 .debug_aranges
                0x00000470       0x60 ..\obj\syscalls.o
 .debug_aranges
                0x000004d0       0xf8 ..\obj\stm32f10x_flash.o
 .debug_aranges
                0x000005c8       0x70 ..\obj\stm32f10x_dma.o
 .debug_aranges
                0x00000638       0x48 ..\obj\mytime.o
 .debug_aranges
                0x00000680       0x88 ..\obj\dht22.o
 .debug_aranges
                0x00000708       0x40 ..\obj\misc.o
 .debug_aranges
                0x00000748      0x120 ..\obj\stm32f10x_i2c.o
 .debug_aranges
                0x00000868       0x20 ..\obj\WebServerConfig.o
 .debug_aranges
                0x00000888       0xc0 ..\obj\esp8266.o

.debug_ranges   0x00000000      0x818
 .debug_ranges  0x00000000       0x40 ..\obj\USART3_Config.o
 .debug_ranges  0x00000040       0x28 ..\obj\system_stm32f10x.o
 .debug_ranges  0x00000068       0x28 ..\obj\bmp180.o
 .debug_ranges  0x00000090       0x18 ..\obj\startup_stm32f10x_md.o
 .debug_ranges  0x000000a8       0x98 ..\obj\stm32f10x_gpio.o
 .debug_ranges  0x00000140       0x20 ..\obj\main.o
 .debug_ranges  0x00000160       0x30 ..\obj\WebServer.o
 .debug_ranges  0x00000190      0x108 ..\obj\stm32f10x_rcc.o
 .debug_ranges  0x00000298       0x48 ..\obj\stm32f10x_exti.o
 .debug_ranges  0x000002e0       0xf0 ..\obj\stm32f10x_usart.o
 .debug_ranges  0x000003d0       0x50 ..\obj\syscalls.o
 .debug_ranges  0x00000420       0xe8 ..\obj\stm32f10x_flash.o
 .debug_ranges  0x00000508       0x60 ..\obj\stm32f10x_dma.o
 .debug_ranges  0x00000568       0x38 ..\obj\mytime.o
 .debug_ranges  0x000005a0       0x78 ..\obj\dht22.o
 .debug_ranges  0x00000618       0x30 ..\obj\misc.o
 .debug_ranges  0x00000648      0x110 ..\obj\stm32f10x_i2c.o
 .debug_ranges  0x00000758       0x10 ..\obj\WebServerConfig.o
 .debug_ranges  0x00000768       0xb0 ..\obj\esp8266.o

.debug_line     0x00000000     0x45f9
 .debug_line    0x00000000      0x376 ..\obj\USART3_Config.o
 .debug_line    0x00000376      0x261 ..\obj\system_stm32f10x.o
 .debug_line    0x000005d7      0x2d6 ..\obj\bmp180.o
 .debug_line    0x000008ad       0xc7 ..\obj\startup_stm32f10x_md.o
 .debug_line    0x00000974      0x443 ..\obj\stm32f10x_gpio.o
 .debug_line    0x00000db7      0x48e ..\obj\main.o
 .debug_line    0x00001245      0x409 ..\obj\WebServer.o
 .debug_line    0x0000164e      0x550 ..\obj\stm32f10x_rcc.o
 .debug_line    0x00001b9e      0x331 ..\obj\stm32f10x_exti.o
 .debug_line    0x00001ecf      0x526 ..\obj\stm32f10x_usart.o
 .debug_line    0x000023f5      0x19a ..\obj\syscalls.o
 .debug_line    0x0000258f      0x55e ..\obj\stm32f10x_flash.o
 .debug_line    0x00002aed      0x390 ..\obj\stm32f10x_dma.o
 .debug_line    0x00002e7d      0x24f ..\obj\mytime.o
 .debug_line    0x000030cc      0x4ce ..\obj\dht22.o
 .debug_line    0x0000359a      0x2d1 ..\obj\misc.o
 .debug_line    0x0000386b      0x563 ..\obj\stm32f10x_i2c.o
 .debug_line    0x00003dce      0x187 ..\obj\WebServerConfig.o
 .debug_line    0x00003f55      0x6a4 ..\obj\esp8266.o

.debug_str      0x00000000     0x3578
 .debug_str     0x00000000      0x89e ..\obj\USART3_Config.o
                                0x904 (size before relaxing)
 .debug_str     0x0000089e      0x197 ..\obj\system_stm32f10x.o
                                0x31c (size before relaxing)
 .debug_str     0x00000a35      0x168 ..\obj\bmp180.o
                                0x42a (size before relaxing)
 .debug_str     0x00000b9d       0xd5 ..\obj\startup_stm32f10x_md.o
                                0x16c (size before relaxing)
 .debug_str     0x00000c72      0x29e ..\obj\stm32f10x_gpio.o
                                0x546 (size before relaxing)
 .debug_str     0x00000f10      0x50b ..\obj\main.o
                                0x7c1 (size before relaxing)
 .debug_str     0x0000141b      0x245 ..\obj\WebServer.o
                                0x711 (size before relaxing)
 .debug_str     0x00001660      0x407 ..\obj\stm32f10x_rcc.o
                                0x647 (size before relaxing)
 .debug_str     0x00001a67      0x1f7 ..\obj\stm32f10x_exti.o
                                0x376 (size before relaxing)
 .debug_str     0x00001c5e      0x3ce ..\obj\stm32f10x_usart.o
                                0x6bd (size before relaxing)
 .debug_str     0x0000202c      0x185 ..\obj\syscalls.o
                                0x332 (size before relaxing)
 .debug_str     0x000021b1      0x42c ..\obj\stm32f10x_flash.o
                                0x615 (size before relaxing)
 .debug_str     0x000025dd      0x164 ..\obj\stm32f10x_dma.o
                                0x3e4 (size before relaxing)
 .debug_str     0x00002741      0x134 ..\obj\mytime.o
                                0x5f8 (size before relaxing)
 .debug_str     0x00002875      0x2bf ..\obj\dht22.o
                                0xaad (size before relaxing)
 .debug_str     0x00002b34      0x130 ..\obj\misc.o
                                0x3eb (size before relaxing)
 .debug_str     0x00002c64      0x364 ..\obj\stm32f10x_i2c.o
                                0x693 (size before relaxing)
 .debug_str     0x00002fc8       0xa5 ..\obj\WebServerConfig.o
                                0x212 (size before relaxing)
 .debug_str     0x0000306d      0x50b ..\obj\esp8266.o
                                0xcae (size before relaxing)

.comment        0x00000000       0x70
 .comment       0x00000000       0x70 ..\obj\USART3_Config.o
                                 0x71 (size before relaxing)
 .comment       0x00000000       0x71 ..\obj\system_stm32f10x.o
 .comment       0x00000000       0x71 ..\obj\bmp180.o
 .comment       0x00000000       0x71 ..\obj\startup_stm32f10x_md.o
 .comment       0x00000000       0x71 ..\obj\stm32f10x_gpio.o
 .comment       0x00000000       0x71 ..\obj\main.o
 .comment       0x00000000       0x71 ..\obj\WebServer.o
 .comment       0x00000000       0x71 ..\obj\stm32f10x_rcc.o
 .comment       0x00000000       0x71 ..\obj\stm32f10x_exti.o
 .comment       0x00000000       0x71 ..\obj\stm32f10x_usart.o
 .comment       0x00000000       0x71 ..\obj\syscalls.o
 .comment       0x00000000       0x71 ..\obj\stm32f10x_flash.o
 .comment       0x00000000       0x71 ..\obj\stm32f10x_dma.o
 .comment       0x00000000       0x71 ..\obj\mytime.o
 .comment       0x00000000       0x71 ..\obj\dht22.o
 .comment       0x00000000       0x71 ..\obj\misc.o
 .comment       0x00000000       0x71 ..\obj\stm32f10x_i2c.o
 .comment       0x00000000       0x71 ..\obj\WebServerConfig.o
 .comment       0x00000000       0x71 ..\obj\esp8266.o

.ARM.attributes
                0x00000000       0x31
 .ARM.attributes
                0x00000000       0x33 ..\obj\USART3_Config.o
 .ARM.attributes
                0x00000033       0x33 ..\obj\system_stm32f10x.o
 .ARM.attributes
                0x00000066       0x33 ..\obj\bmp180.o
 .ARM.attributes
                0x00000099       0x33 ..\obj\startup_stm32f10x_md.o
 .ARM.attributes
                0x000000cc       0x33 ..\obj\stm32f10x_gpio.o
 .ARM.attributes
                0x000000ff       0x33 ..\obj\main.o
 .ARM.attributes
                0x00000132       0x33 ..\obj\WebServer.o
 .ARM.attributes
                0x00000165       0x33 ..\obj\stm32f10x_rcc.o
 .ARM.attributes
                0x00000198       0x33 ..\obj\stm32f10x_exti.o
 .ARM.attributes
                0x000001cb       0x33 ..\obj\stm32f10x_usart.o
 .ARM.attributes
                0x000001fe       0x33 ..\obj\syscalls.o
 .ARM.attributes
                0x00000231       0x33 ..\obj\stm32f10x_flash.o
 .ARM.attributes
                0x00000264       0x33 ..\obj\stm32f10x_dma.o
 .ARM.attributes
                0x00000297       0x33 ..\obj\mytime.o
 .ARM.attributes
                0x000002ca       0x33 ..\obj\dht22.o
 .ARM.attributes
                0x000002fd       0x33 ..\obj\misc.o
 .ARM.attributes
                0x00000330       0x33 ..\obj\stm32f10x_i2c.o
 .ARM.attributes
                0x00000363       0x33 ..\obj\WebServerConfig.o
 .ARM.attributes
                0x00000396       0x33 ..\obj\esp8266.o
 .ARM.attributes
                0x000003c9       0x1d c:/program files (x86)/gnu tools arm embedded/4.9 2014q4/bin/../lib/gcc/arm-none-eabi/4.9.3/armv7-m\libgcc.a(_arm_addsubdf3.o)
 .ARM.attributes
                0x000003e6       0x1d c:/program files (x86)/gnu tools arm embedded/4.9 2014q4/bin/../lib/gcc/arm-none-eabi/4.9.3/armv7-m\libgcc.a(_arm_muldivdf3.o)
 .ARM.attributes
                0x00000403       0x1d c:/program files (x86)/gnu tools arm embedded/4.9 2014q4/bin/../lib/gcc/arm-none-eabi/4.9.3/armv7-m\libgcc.a(_arm_truncdfsf2.o)
 .ARM.attributes
                0x00000420       0x2d c:/program files (x86)/gnu tools arm embedded/4.9 2014q4/bin/../lib/gcc/arm-none-eabi/4.9.3/../../../../arm-none-eabi/lib/armv7-m\libg.a(lib_a-atoi.o)
 .ARM.attributes
                0x0000044d       0x2d c:/program files (x86)/gnu tools arm embedded/4.9 2014q4/bin/../lib/gcc/arm-none-eabi/4.9.3/../../../../arm-none-eabi/lib/armv7-m\libg.a(lib_a-memmem.o)
 .ARM.attributes
                0x0000047a       0x2d c:/program files (x86)/gnu tools arm embedded/4.9 2014q4/bin/../lib/gcc/arm-none-eabi/4.9.3/../../../../arm-none-eabi/lib/armv7-m\libg.a(lib_a-memset.o)
 .ARM.attributes
                0x000004a7       0x2d c:/program files (x86)/gnu tools arm embedded/4.9 2014q4/bin/../lib/gcc/arm-none-eabi/4.9.3/../../../../arm-none-eabi/lib/armv7-m\libg.a(lib_a-snprintf.o)
 .ARM.attributes
                0x000004d4       0x2d c:/program files (x86)/gnu tools arm embedded/4.9 2014q4/bin/../lib/gcc/arm-none-eabi/4.9.3/../../../../arm-none-eabi/lib/armv7-m\libg.a(lib_a-sprintf.o)
 .ARM.attributes
                0x00000501       0x2d c:/program files (x86)/gnu tools arm embedded/4.9 2014q4/bin/../lib/gcc/arm-none-eabi/4.9.3/../../../../arm-none-eabi/lib/armv7-m\libg.a(lib_a-strchr.o)
 .ARM.attributes
                0x0000052e       0x2d c:/program files (x86)/gnu tools arm embedded/4.9 2014q4/bin/../lib/gcc/arm-none-eabi/4.9.3/../../../../arm-none-eabi/lib/armv7-m\libg.a(lib_a-strcpy.o)
 .ARM.attributes
                0x0000055b       0x2d c:/program files (x86)/gnu tools arm embedded/4.9 2014q4/bin/../lib/gcc/arm-none-eabi/4.9.3/../../../../arm-none-eabi/lib/armv7-m\libg.a(lib_a-strlen.o)
 .ARM.attributes
                0x00000588       0x2d c:/program files (x86)/gnu tools arm embedded/4.9 2014q4/bin/../lib/gcc/arm-none-eabi/4.9.3/../../../../arm-none-eabi/lib/armv7-m\libg.a(lib_a-strstr.o)
 .ARM.attributes
                0x000005b5       0x2d c:/program files (x86)/gnu tools arm embedded/4.9 2014q4/bin/../lib/gcc/arm-none-eabi/4.9.3/../../../../arm-none-eabi/lib/armv7-m\libg.a(lib_a-strtok.o)
 .ARM.attributes
                0x000005e2       0x2d c:/program files (x86)/gnu tools arm embedded/4.9 2014q4/bin/../lib/gcc/arm-none-eabi/4.9.3/../../../../arm-none-eabi/lib/armv7-m\libg.a(lib_a-strtok_r.o)
 .ARM.attributes
                0x0000060f       0x2d c:/program files (x86)/gnu tools arm embedded/4.9 2014q4/bin/../lib/gcc/arm-none-eabi/4.9.3/../../../../arm-none-eabi/lib/armv7-m\libg.a(lib_a-strtol.o)
 .ARM.attributes
                0x0000063c       0x2d c:/program files (x86)/gnu tools arm embedded/4.9 2014q4/bin/../lib/gcc/arm-none-eabi/4.9.3/../../../../arm-none-eabi/lib/armv7-m\libg.a(lib_a-svfprintf.o)
 .ARM.attributes
                0x00000669       0x2d c:/program files (x86)/gnu tools arm embedded/4.9 2014q4/bin/../lib/gcc/arm-none-eabi/4.9.3/../../../../arm-none-eabi/lib/armv7-m\libg.a(lib_a-ctype_.o)
 .ARM.attributes
                0x00000696       0x2d c:/program files (x86)/gnu tools arm embedded/4.9 2014q4/bin/../lib/gcc/arm-none-eabi/4.9.3/../../../../arm-none-eabi/lib/armv7-m\libg.a(lib_a-dtoa.o)
 .ARM.attributes
                0x000006c3       0x2d c:/program files (x86)/gnu tools arm embedded/4.9 2014q4/bin/../lib/gcc/arm-none-eabi/4.9.3/../../../../arm-none-eabi/lib/armv7-m\libg.a(lib_a-impure.o)
 .ARM.attributes
                0x000006f0       0x2d c:/program files (x86)/gnu tools arm embedded/4.9 2014q4/bin/../lib/gcc/arm-none-eabi/4.9.3/../../../../arm-none-eabi/lib/armv7-m\libg.a(lib_a-locale.o)
 .ARM.attributes
                0x0000071d       0x2d c:/program files (x86)/gnu tools arm embedded/4.9 2014q4/bin/../lib/gcc/arm-none-eabi/4.9.3/../../../../arm-none-eabi/lib/armv7-m\libg.a(lib_a-mallocr.o)
 .ARM.attributes
                0x0000074a       0x2d c:/program files (x86)/gnu tools arm embedded/4.9 2014q4/bin/../lib/gcc/arm-none-eabi/4.9.3/../../../../arm-none-eabi/lib/armv7-m\libg.a(lib_a-memchr.o)
 .ARM.attributes
                0x00000777       0x2d c:/program files (x86)/gnu tools arm embedded/4.9 2014q4/bin/../lib/gcc/arm-none-eabi/4.9.3/../../../../arm-none-eabi/lib/armv7-m\libg.a(lib_a-memcmp.o)
 .ARM.attributes
                0x000007a4       0x1b c:/program files (x86)/gnu tools arm embedded/4.9 2014q4/bin/../lib/gcc/arm-none-eabi/4.9.3/../../../../arm-none-eabi/lib/armv7-m\libg.a(lib_a-memcpy.o)
 .ARM.attributes
                0x000007bf       0x2d c:/program files (x86)/gnu tools arm embedded/4.9 2014q4/bin/../lib/gcc/arm-none-eabi/4.9.3/../../../../arm-none-eabi/lib/armv7-m\libg.a(lib_a-mlock.o)
 .ARM.attributes
                0x000007ec       0x2d c:/program files (x86)/gnu tools arm embedded/4.9 2014q4/bin/../lib/gcc/arm-none-eabi/4.9.3/../../../../arm-none-eabi/lib/armv7-m\libg.a(lib_a-mprec.o)
 .ARM.attributes
                0x00000819       0x2d c:/program files (x86)/gnu tools arm embedded/4.9 2014q4/bin/../lib/gcc/arm-none-eabi/4.9.3/../../../../arm-none-eabi/lib/armv7-m\libg.a(lib_a-s_fpclassify.o)
 .ARM.attributes
                0x00000846       0x2d c:/program files (x86)/gnu tools arm embedded/4.9 2014q4/bin/../lib/gcc/arm-none-eabi/4.9.3/../../../../arm-none-eabi/lib/armv7-m\libg.a(lib_a-sbrkr.o)
 .ARM.attributes
                0x00000873       0x2d c:/program files (x86)/gnu tools arm embedded/4.9 2014q4/bin/../lib/gcc/arm-none-eabi/4.9.3/../../../../arm-none-eabi/lib/armv7-m\libg.a(lib_a-svfiprintf.o)
 .ARM.attributes
                0x000008a0       0x2d c:/program files (x86)/gnu tools arm embedded/4.9 2014q4/bin/../lib/gcc/arm-none-eabi/4.9.3/../../../../arm-none-eabi/lib/armv7-m\libg.a(lib_a-callocr.o)
 .ARM.attributes
                0x000008cd       0x2d c:/program files (x86)/gnu tools arm embedded/4.9 2014q4/bin/../lib/gcc/arm-none-eabi/4.9.3/../../../../arm-none-eabi/lib/armv7-m\libg.a(lib_a-freer.o)
 .ARM.attributes
                0x000008fa       0x2d c:/program files (x86)/gnu tools arm embedded/4.9 2014q4/bin/../lib/gcc/arm-none-eabi/4.9.3/../../../../arm-none-eabi/lib/armv7-m\libg.a(lib_a-memmove.o)
 .ARM.attributes
                0x00000927       0x2d c:/program files (x86)/gnu tools arm embedded/4.9 2014q4/bin/../lib/gcc/arm-none-eabi/4.9.3/../../../../arm-none-eabi/lib/armv7-m\libg.a(lib_a-reallocr.o)
 .ARM.attributes
                0x00000954       0x2d c:/program files (x86)/gnu tools arm embedded/4.9 2014q4/bin/../lib/gcc/arm-none-eabi/4.9.3/../../../../arm-none-eabi/lib/armv7-m\libg.a(lib_a-reent.o)
 .ARM.attributes
                0x00000981       0x1d c:/program files (x86)/gnu tools arm embedded/4.9 2014q4/bin/../lib/gcc/arm-none-eabi/4.9.3/armv7-m\libgcc.a(_arm_cmpdf2.o)
 .ARM.attributes
                0x0000099e       0x1d c:/program files (x86)/gnu tools arm embedded/4.9 2014q4/bin/../lib/gcc/arm-none-eabi/4.9.3/armv7-m\libgcc.a(_arm_fixdfsi.o)
 .ARM.attributes
                0x000009bb       0x1d c:/program files (x86)/gnu tools arm embedded/4.9 2014q4/bin/../lib/gcc/arm-none-eabi/4.9.3/armv7-m\libgcc.a(_aeabi_uldivmod.o)
 .ARM.attributes
                0x000009d8       0x2d c:/program files (x86)/gnu tools arm embedded/4.9 2014q4/bin/../lib/gcc/arm-none-eabi/4.9.3/armv7-m\libgcc.a(bpabi.o)
 .ARM.attributes
                0x00000a05       0x1d c:/program files (x86)/gnu tools arm embedded/4.9 2014q4/bin/../lib/gcc/arm-none-eabi/4.9.3/armv7-m\libgcc.a(_dvmd_tls.o)
 .ARM.attributes
                0x00000a22       0x2d c:/program files (x86)/gnu tools arm embedded/4.9 2014q4/bin/../lib/gcc/arm-none-eabi/4.9.3/armv7-m\libgcc.a(_divdi3.o)
 .ARM.attributes
                0x00000a4f       0x2d c:/program files (x86)/gnu tools arm embedded/4.9 2014q4/bin/../lib/gcc/arm-none-eabi/4.9.3/armv7-m\libgcc.a(_udivdi3.o)

.debug_frame    0x00000000     0x3138
 .debug_frame   0x00000000       0xf4 ..\obj\USART3_Config.o
 .debug_frame   0x000000f4       0x98 ..\obj\system_stm32f10x.o
 .debug_frame   0x0000018c       0x98 ..\obj\bmp180.o
 .debug_frame   0x00000224       0x4c ..\obj\startup_stm32f10x_md.o
 .debug_frame   0x00000270      0x2d0 ..\obj\stm32f10x_gpio.o
 .debug_frame   0x00000540       0x74 ..\obj\main.o
 .debug_frame   0x000005b4       0xd8 ..\obj\WebServer.o
 .debug_frame   0x0000068c      0x4f4 ..\obj\stm32f10x_rcc.o
 .debug_frame   0x00000b80      0x148 ..\obj\stm32f10x_exti.o
 .debug_frame   0x00000cc8      0x490 ..\obj\stm32f10x_usart.o
 .debug_frame   0x00001158      0x168 ..\obj\syscalls.o
 .debug_frame   0x000012c0      0x410 ..\obj\stm32f10x_flash.o
 .debug_frame   0x000016d0      0x1c8 ..\obj\stm32f10x_dma.o
 .debug_frame   0x00001898       0xe0 ..\obj\mytime.o
 .debug_frame   0x00001978      0x1f4 ..\obj\dht22.o
 .debug_frame   0x00001b6c       0xd8 ..\obj\misc.o
 .debug_frame   0x00001c44      0x530 ..\obj\stm32f10x_i2c.o
 .debug_frame   0x00002174       0x34 ..\obj\WebServerConfig.o
 .debug_frame   0x000021a8      0x314 ..\obj\esp8266.o
 .debug_frame   0x000024bc       0x30 c:/program files (x86)/gnu tools arm embedded/4.9 2014q4/bin/../lib/gcc/arm-none-eabi/4.9.3/../../../../arm-none-eabi/lib/armv7-m\libg.a(lib_a-atoi.o)
 .debug_frame   0x000024ec       0xac c:/program files (x86)/gnu tools arm embedded/4.9 2014q4/bin/../lib/gcc/arm-none-eabi/4.9.3/../../../../arm-none-eabi/lib/armv7-m\libg.a(lib_a-memmem.o)
 .debug_frame   0x00002598       0x34 c:/program files (x86)/gnu tools arm embedded/4.9 2014q4/bin/../lib/gcc/arm-none-eabi/4.9.3/../../../../arm-none-eabi/lib/armv7-m\libg.a(lib_a-memset.o)
 .debug_frame   0x000025cc       0xd0 c:/program files (x86)/gnu tools arm embedded/4.9 2014q4/bin/../lib/gcc/arm-none-eabi/4.9.3/../../../../arm-none-eabi/lib/armv7-m\libg.a(lib_a-snprintf.o)
 .debug_frame   0x0000269c       0x84 c:/program files (x86)/gnu tools arm embedded/4.9 2014q4/bin/../lib/gcc/arm-none-eabi/4.9.3/../../../../arm-none-eabi/lib/armv7-m\libg.a(lib_a-sprintf.o)
 .debug_frame   0x00002720       0x4c c:/program files (x86)/gnu tools arm embedded/4.9 2014q4/bin/../lib/gcc/arm-none-eabi/4.9.3/../../../../arm-none-eabi/lib/armv7-m\libg.a(lib_a-strchr.o)
 .debug_frame   0x0000276c       0x20 c:/program files (x86)/gnu tools arm embedded/4.9 2014q4/bin/../lib/gcc/arm-none-eabi/4.9.3/../../../../arm-none-eabi/lib/armv7-m\libg.a(lib_a-strcpy.o)
 .debug_frame   0x0000278c       0x20 c:/program files (x86)/gnu tools arm embedded/4.9 2014q4/bin/../lib/gcc/arm-none-eabi/4.9.3/../../../../arm-none-eabi/lib/armv7-m\libg.a(lib_a-strlen.o)
 .debug_frame   0x000027ac       0xd8 c:/program files (x86)/gnu tools arm embedded/4.9 2014q4/bin/../lib/gcc/arm-none-eabi/4.9.3/../../../../arm-none-eabi/lib/armv7-m\libg.a(lib_a-strstr.o)
 .debug_frame   0x00002884       0x20 c:/program files (x86)/gnu tools arm embedded/4.9 2014q4/bin/../lib/gcc/arm-none-eabi/4.9.3/../../../../arm-none-eabi/lib/armv7-m\libg.a(lib_a-strtok.o)
 .debug_frame   0x000028a4       0x48 c:/program files (x86)/gnu tools arm embedded/4.9 2014q4/bin/../lib/gcc/arm-none-eabi/4.9.3/../../../../arm-none-eabi/lib/armv7-m\libg.a(lib_a-strtok_r.o)
 .debug_frame   0x000028ec       0x54 c:/program files (x86)/gnu tools arm embedded/4.9 2014q4/bin/../lib/gcc/arm-none-eabi/4.9.3/../../../../arm-none-eabi/lib/armv7-m\libg.a(lib_a-strtol.o)
 .debug_frame   0x00002940       0x40 c:/program files (x86)/gnu tools arm embedded/4.9 2014q4/bin/../lib/gcc/arm-none-eabi/4.9.3/../../../../arm-none-eabi/lib/armv7-m\libg.a(lib_a-svfprintf.o)
 .debug_frame   0x00002980       0x84 c:/program files (x86)/gnu tools arm embedded/4.9 2014q4/bin/../lib/gcc/arm-none-eabi/4.9.3/../../../../arm-none-eabi/lib/armv7-m\libg.a(lib_a-dtoa.o)
 .debug_frame   0x00002a04       0x9c c:/program files (x86)/gnu tools arm embedded/4.9 2014q4/bin/../lib/gcc/arm-none-eabi/4.9.3/../../../../arm-none-eabi/lib/armv7-m\libg.a(lib_a-locale.o)
 .debug_frame   0x00002aa0       0x54 c:/program files (x86)/gnu tools arm embedded/4.9 2014q4/bin/../lib/gcc/arm-none-eabi/4.9.3/../../../../arm-none-eabi/lib/armv7-m\libg.a(lib_a-mallocr.o)
 .debug_frame   0x00002af4       0x3c c:/program files (x86)/gnu tools arm embedded/4.9 2014q4/bin/../lib/gcc/arm-none-eabi/4.9.3/../../../../arm-none-eabi/lib/armv7-m\libg.a(lib_a-memchr.o)
 .debug_frame   0x00002b30       0x38 c:/program files (x86)/gnu tools arm embedded/4.9 2014q4/bin/../lib/gcc/arm-none-eabi/4.9.3/../../../../arm-none-eabi/lib/armv7-m\libg.a(lib_a-memcmp.o)
 .debug_frame   0x00002b68       0x30 c:/program files (x86)/gnu tools arm embedded/4.9 2014q4/bin/../lib/gcc/arm-none-eabi/4.9.3/../../../../arm-none-eabi/lib/armv7-m\libg.a(lib_a-mlock.o)
 .debug_frame   0x00002b98      0x268 c:/program files (x86)/gnu tools arm embedded/4.9 2014q4/bin/../lib/gcc/arm-none-eabi/4.9.3/../../../../arm-none-eabi/lib/armv7-m\libg.a(lib_a-mprec.o)
 .debug_frame   0x00002e00       0x34 c:/program files (x86)/gnu tools arm embedded/4.9 2014q4/bin/../lib/gcc/arm-none-eabi/4.9.3/../../../../arm-none-eabi/lib/armv7-m\libg.a(lib_a-s_fpclassify.o)
 .debug_frame   0x00002e34       0x2c c:/program files (x86)/gnu tools arm embedded/4.9 2014q4/bin/../lib/gcc/arm-none-eabi/4.9.3/../../../../arm-none-eabi/lib/armv7-m\libg.a(lib_a-sbrkr.o)
 .debug_frame   0x00002e60       0x78 c:/program files (x86)/gnu tools arm embedded/4.9 2014q4/bin/../lib/gcc/arm-none-eabi/4.9.3/../../../../arm-none-eabi/lib/armv7-m\libg.a(lib_a-svfiprintf.o)
 .debug_frame   0x00002ed8       0x28 c:/program files (x86)/gnu tools arm embedded/4.9 2014q4/bin/../lib/gcc/arm-none-eabi/4.9.3/../../../../arm-none-eabi/lib/armv7-m\libg.a(lib_a-callocr.o)
 .debug_frame   0x00002f00       0x74 c:/program files (x86)/gnu tools arm embedded/4.9 2014q4/bin/../lib/gcc/arm-none-eabi/4.9.3/../../../../arm-none-eabi/lib/armv7-m\libg.a(lib_a-freer.o)
 .debug_frame   0x00002f74       0x30 c:/program files (x86)/gnu tools arm embedded/4.9 2014q4/bin/../lib/gcc/arm-none-eabi/4.9.3/../../../../arm-none-eabi/lib/armv7-m\libg.a(lib_a-memmove.o)
 .debug_frame   0x00002fa4       0x58 c:/program files (x86)/gnu tools arm embedded/4.9 2014q4/bin/../lib/gcc/arm-none-eabi/4.9.3/../../../../arm-none-eabi/lib/armv7-m\libg.a(lib_a-reallocr.o)
 .debug_frame   0x00002ffc       0x58 c:/program files (x86)/gnu tools arm embedded/4.9 2014q4/bin/../lib/gcc/arm-none-eabi/4.9.3/../../../../arm-none-eabi/lib/armv7-m\libg.a(lib_a-reent.o)
 .debug_frame   0x00003054       0x28 c:/program files (x86)/gnu tools arm embedded/4.9 2014q4/bin/../lib/gcc/arm-none-eabi/4.9.3/armv7-m\libgcc.a(_aeabi_uldivmod.o)
 .debug_frame   0x0000307c       0x54 c:/program files (x86)/gnu tools arm embedded/4.9 2014q4/bin/../lib/gcc/arm-none-eabi/4.9.3/armv7-m\libgcc.a(bpabi.o)
 .debug_frame   0x000030d0       0x34 c:/program files (x86)/gnu tools arm embedded/4.9 2014q4/bin/../lib/gcc/arm-none-eabi/4.9.3/armv7-m\libgcc.a(_divdi3.o)
 .debug_frame   0x00003104       0x34 c:/program files (x86)/gnu tools arm embedded/4.9 2014q4/bin/../lib/gcc/arm-none-eabi/4.9.3/armv7-m\libgcc.a(_udivdi3.o)
